Component: ARM Compiler 5.06 update 6 (build 750) Tool: armlink [4d35ed]

==============================================================================

Section Cross References

    main.o(i.main) refers to kservice.o(i.rt_kprintf) for rt_kprintf
    main.o(i.main) refers to usart3.o(i.usart3_init) for usart3_init
    main.o(i.main) refers to adc.o(i.Adc_Init) for Adc_Init
    main.o(i.main) refers to thread.o(i.rt_thread_create) for rt_thread_create
    main.o(i.main) refers to thread.o(i.rt_thread_startup) for rt_thread_startup
    main.o(i.main) refers to thread_mw.o(i.get_adc) for get_adc
    main.o(i.main) refers to main.o(.data) for tid1
    main.o(i.main) refers to thread_mw.o(i.time_thread) for time_thread
    thread_mw.o(i.get_adc) refers to _printf_pad.o(.text) for _printf_pre_padding
    thread_mw.o(i.get_adc) refers to _printf_percent.o(.ARM.Collect$$_printf_percent$$00000000) for _printf_percent
    thread_mw.o(i.get_adc) refers to _printf_d.o(.ARM.Collect$$_printf_percent$$00000009) for _printf_d
    thread_mw.o(i.get_adc) refers to _printf_f.o(.ARM.Collect$$_printf_percent$$00000003) for _printf_f
    thread_mw.o(i.get_adc) refers to _printf_dec.o(.text) for _printf_int_dec
    thread_mw.o(i.get_adc) refers to printf1.o(x$fpl$printf1) for _printf_fp_dec
    thread_mw.o(i.get_adc) refers to adc.o(i.Get_Adc) for Get_Adc
    thread_mw.o(i.get_adc) refers to thread_mw.o(i.get_tick_time) for get_tick_time
    thread_mw.o(i.get_adc) refers to fflt_clz.o(x$fpl$ffltu) for __aeabi_ui2f
    thread_mw.o(i.get_adc) refers to frleqf.o(x$fpl$frleqf) for __aeabi_cfrcmple
    thread_mw.o(i.get_adc) refers to fleqf.o(x$fpl$fleqf) for __aeabi_cfcmple
    thread_mw.o(i.get_adc) refers to noretval__2printf.o(.text) for __2printf
    thread_mw.o(i.get_adc) refers to faddsub_clz.o(x$fpl$fsub) for __aeabi_fsub
    thread_mw.o(i.get_adc) refers to f2d.o(x$fpl$f2d) for __aeabi_f2d
    thread_mw.o(i.get_adc) refers to thread.o(i.rt_thread_delay) for rt_thread_delay
    thread_mw.o(i.get_adc) refers to timer.o(i.rt_timer_check) for rt_timer_check
    thread_mw.o(i.get_adc) refers to thread_mw.o(.data) for time_xx
    thread_mw.o(i.get_adc) refers to adc.o(.bss) for Analog_v
    thread_mw.o(i.get_tick_time) refers to _printf_percent.o(.ARM.Collect$$_printf_percent$$00000000) for _printf_percent
    thread_mw.o(i.get_tick_time) refers to _printf_d.o(.ARM.Collect$$_printf_percent$$00000009) for _printf_d
    thread_mw.o(i.get_tick_time) refers to _printf_dec.o(.text) for _printf_int_dec
    thread_mw.o(i.get_tick_time) refers to clock.o(i.rt_tick_get) for rt_tick_get
    thread_mw.o(i.get_tick_time) refers to noretval__2printf.o(.text) for __2printf
    thread_mw.o(i.get_tick_time) refers to kservice.o(i.rt_kprintf) for rt_kprintf
    thread_mw.o(i.get_tick_time) refers to thread_mw.o(.data) for printf_time
    thread_mw.o(i.send_data) refers to thread.o(i.rt_thread_delay) for rt_thread_delay
    thread_mw.o(i.send_data) refers to timer.o(i.rt_timer_check) for rt_timer_check
    thread_mw.o(i.send_data) refers to thread_mw.o(.data) for time_x
    thread_mw.o(i.time_thread) refers to kservice.o(i.rt_kprintf) for rt_kprintf
    thread_mw.o(i.time_thread) refers to thread.o(i.rt_thread_delay) for rt_thread_delay
    thread_mw.o(i.time_thread) refers to thread_mw.o(.data) for time_xxxx
    adc.o(i.clear_Analog_voltage) refers to adc.o(.bss) for Analog_v
    usart2.o(i.PcTx_String2) refers to usart2.o(i.PcTx_Byte2) for PcTx_Byte2
    usart2.o(i.USART2_IRQHandler) refers to jy901.o(i.CopeSerialData) for CopeSerialData
    usart2.o(i.usart2_init) refers to fflt_clz.o(x$fpl$ffltu) for __aeabi_ui2f
    usart2.o(i.usart2_init) refers to fdiv.o(x$fpl$fdiv) for __aeabi_fdiv
    usart2.o(i.usart2_init) refers to ffixu.o(x$fpl$ffixu) for __aeabi_f2uiz
    usart2.o(i.usart2_init) refers to faddsub_clz.o(x$fpl$frsb) for __aeabi_frsub
    usart2.o(i.usart2_init) refers to fmul.o(x$fpl$fmul) for __aeabi_fmul
    usart2.o(i.usart2_init) refers to faddsub_clz.o(x$fpl$fadd) for __aeabi_fadd
    jy901.o(i.CopeSerialData) refers to jy901.o(i.CharToLong) for CharToLong
    jy901.o(i.CopeSerialData) refers to jy901.o(.data) for ucRxCnt
    jy901.o(i.CopeSerialData) refers to jy901.o(.bss) for ucRxBuffer
    jy901.o(i.CopeSerialData) refers to thread_mw.o(.data) for time_xxx
    jy901.o(i.clear_imu_data) refers to jy901.o(i.clear) for clear
    jy901.o(i.clear_imu_data) refers to jy901.o(.data) for stcTime
    usart3.o(.rev16_text) refers (Special) to use_no_semi_2.o(.text) for __use_no_semihosting
    usart3.o(.revsh_text) refers (Special) to use_no_semi_2.o(.text) for __use_no_semihosting
    usart3.o(.rrx_text) refers (Special) to use_no_semi_2.o(.text) for __use_no_semihosting
    usart3.o(i.PcTx_Byte3) refers (Special) to use_no_semi_2.o(.text) for __use_no_semihosting
    usart3.o(i.PcTx_String3) refers (Special) to use_no_semi_2.o(.text) for __use_no_semihosting
    usart3.o(i.PcTx_String3) refers to usart3.o(i.PcTx_Byte3) for PcTx_Byte3
[...]
    _SysTick_Config                          0x08001e99   Thumb Code    44  board.o(i._SysTick_Config)
    i.__ARM_fpclassify                       0x08001ec8   Section        0  fpclassify.o(i.__ARM_fpclassify)
    i.__rt_ffs                               0x08001ef0   Section        0  kservice.o(i.__rt_ffs)
    i._has_defunct_thread                    0x08001f3c   Section        0  idle.o(i._has_defunct_thread)
    _has_defunct_thread                      0x08001f3d   Thumb Code    16  idle.o(i._has_defunct_thread)
    i._is_digit                              0x08001f50   Section        0  __printf_wp.o(i._is_digit)
    i._rt_thread_init                        0x08001f60   Section        0  thread.o(i._rt_thread_init)
    _rt_thread_init                          0x08001f61   Thumb Code   124  thread.o(i._rt_thread_init)
    i._rt_timer_init                         0x08001fe4   Section        0  timer.o(i._rt_timer_init)
    _rt_timer_init                           0x08001fe5   Thumb Code    66  timer.o(i._rt_timer_init)
    i._rt_timer_remove                       0x08002026   Section        0  timer.o(i._rt_timer_remove)
    _rt_timer_remove                         0x08002027   Thumb Code    46  timer.o(i._rt_timer_remove)
    i._sys_exit                              0x08002054   Section        0  usart3.o(i._sys_exit)
    i.fputc                                  0x0800205c   Section        0  usart3.o(i.fputc)
    i.get_adc                                0x08002078   Section        0  thread_mw.o(i.get_adc)
    i.get_tick_time                          0x080023c0   Section        0  thread_mw.o(i.get_tick_time)
    i.main                                   0x08002484   Section        0  main.o(i.main)
    i.main_thread_entry                      0x08002558   Section        0  components.o(i.main_thread_entry)
    i.plug_holes                             0x08002568   Section        0  mem.o(i.plug_holes)
    plug_holes                               0x08002569   Thumb Code   108  mem.o(i.plug_holes)
    i.print_number                           0x080025e0   Section        0  kservice.o(i.print_number)
    print_number                             0x080025e1   Thumb Code   388  kservice.o(i.print_number)
    i.rt_application_init                    0x0800276c   Section        0  components.o(i.rt_application_init)
    i.rt_components_board_init               0x08002798   Section        0  components.o(i.rt_components_board_init)
    i.rt_components_init                     0x080027b4   Section        0  components.o(i.rt_components_init)
    i.rt_enter_critical                      0x080027d0   Section        0  scheduler.o(i.rt_enter_critical)
    i.rt_exit_critical                       0x080027f0   Section        0  scheduler.o(i.rt_exit_critical)
    i.rt_free                                0x0800282c   Section        0  mem.o(i.rt_free)
    i.rt_heap_begin_get                      0x0800290c   Section        0  board.o(i.rt_heap_begin_get)
    i.rt_heap_end_get                        0x08002914   Section        0  board.o(i.rt_heap_end_get)
    i.rt_hw_board_init                       0x0800291c   Section        0  board.o(i.rt_hw_board_init)
    i.rt_hw_console_output                   0x08002958   Section        0  board.o(i.rt_hw_console_output)
    i.rt_hw_hard_fault_exception             0x0800298c   Section        0  cpuport.o(i.rt_hw_hard_fault_exception)
    i.rt_hw_stack_init                       0x08002b8c   Section        0  cpuport.o(i.rt_hw_stack_init)
    i.rt_interrupt_enter                     0x08002bd8   Section        0  irq.o(i.rt_interrupt_enter)
    i.rt_interrupt_leave                     0x08002bf8   Section        0  irq.o(i.rt_interrupt_leave)
    i.rt_ipc_list_resume                     0x08002c18   Section        0  ipc.o(i.rt_ipc_list_resume)
    rt_ipc_list_resume                       0x08002c19   Thumb Code    20  ipc.o(i.rt_ipc_list_resume)
    i.rt_ipc_list_suspend                    0x08002c2c   Section        0  ipc.o(i.rt_ipc_list_suspend)
    rt_ipc_list_suspend                      0x08002c2d   Thumb Code   108  ipc.o(i.rt_ipc_list_suspend)
    i.rt_ipc_object_init                     0x08002c98   Section        0  ipc.o(i.rt_ipc_object_init)
    rt_ipc_object_init                       0x08002c99   Thumb Code    16  ipc.o(i.rt_ipc_object_init)
    i.rt_kprintf                             0x08002ca8   Section        0  kservice.o(i.rt_kprintf)
    i.rt_list_init                           0x08002cd8   Section        0  ipc.o(i.rt_list_init)
    rt_list_init                             0x08002cd9   Thumb Code     6  ipc.o(i.rt_list_init)
    i.rt_list_init                           0x08002cde   Section        0  scheduler.o(i.rt_list_init)
    rt_list_init                             0x08002cdf   Thumb Code     6  scheduler.o(i.rt_list_init)
    i.rt_list_init                           0x08002ce4   Section        0  timer.o(i.rt_list_init)
    rt_list_init                             0x08002ce5   Thumb Code     6  timer.o(i.rt_list_init)
    i.rt_list_insert_after                   0x08002cea   Section        0  object.o(i.rt_list_insert_after)
    rt_list_insert_after                     0x08002ceb   Thumb Code    14  object.o(i.rt_list_insert_after)
    i.rt_list_insert_after                   0x08002cf8   Section        0  thread.o(i.rt_list_insert_after)
    rt_list_insert_after                     0x08002cf9   Thumb Code    14  thread.o(i.rt_list_insert_after)
    i.rt_list_insert_after                   0x08002d06   Section        0  timer.o(i.rt_list_insert_after)
    rt_list_insert_after                     0x08002d07   Thumb Code    14  timer.o(i.rt_list_insert_after)
    i.rt_list_insert_before                  0x08002d14   Section        0  ipc.o(i.rt_list_insert_before)
    rt_list_insert_before                    0x08002d15   Thumb Code    14  ipc.o(i.rt_list_insert_before)
    i.rt_list_isempty                        0x08002d22   Section        0  ipc.o(i.rt_list_isempty)
    rt_list_isempty                          0x08002d23   Thumb Code    16  ipc.o(i.rt_list_isempty)
    i.rt_list_isempty                        0x08002d32   Section        0  timer.o(i.rt_list_isempty)
    rt_list_isempty                          0x08002d33   Thumb Code    16  timer.o(i.rt_list_isempty)
    i.rt_list_remove                         0x08002d42   Section        0  object.o(i.rt_list_remove)
    rt_list_remove                           0x08002d43   Thumb Code    18  object.o(i.rt_list_remove)
    i.rt_list_remove                         0x08002d54   Section        0  thread.o(i.rt_list_remove)
    rt_list_remove                           0x08002d55   Thumb Code    18  thread.o(i.rt_list_remove)
    i.rt_malloc                              0x08002d68   Section        0  mem.o(i.rt_malloc)
    i.rt_memset                              0x08002ed4   Section        0  kservice.o(i.rt_memset)
    i.rt_object_allocate                     0x08002f1c   Section        0  object.o(i.rt_object_allocate)
    i.rt_object_delete                       0x08002f70   Section        0  object.o(i.rt_object_delete)
    i.rt_object_detach                       0x08002f94   Section        0  object.o(i.rt_object_detach)
    i.rt_object_get_information              0x08002fb4   Section        0  object.o(i.rt_object_get_information)
    i.rt_object_init                         0x08002fdc   Section        0  object.o(i.rt_object_init)
    i.rt_object_is_systemobject              0x08003018   Section        0  object.o(i.rt_object_is_systemobject)
    i.rt_schedule                            0x0800302c   Section        0  scheduler.o(i.rt_schedule)
    i.rt_schedule_insert_thread              0x080030bc   Section        0  scheduler.o(i.rt_schedule_insert_thread)
    i.rt_schedule_remove_thread              0x0800310c   Section        0  scheduler.o(i.rt_schedule_remove_thread)
    i.rt_sem_init                            0x08003160   Section        0  ipc.o(i.rt_sem_init)
    i.rt_sem_release                         0x08003186   Section        0  ipc.o(i.rt_sem_release)
    i.rt_sem_take                            0x080031c0   Section        0  ipc.o(i.rt_sem_take)
    i.rt_show_version                        0x08003234   Section        0  kservice.o(i.rt_show_version)
    i.rt_strlen                              0x080032e4   Section        0  kservice.o(i.rt_strlen)
    i.rt_strncpy                             0x080032f6   Section        0  kservice.o(i.rt_strncpy)
    i.rt_system_heap_init                    0x0800332c   Section        0  mem.o(i.rt_system_heap_init)
    i.rt_system_scheduler_init               0x08003424   Section        0  scheduler.o(i.rt_system_scheduler_init)
    i.rt_system_scheduler_start              0x08003470   Section        0  scheduler.o(i.rt_system_scheduler_start)
    i.rt_system_timer_init                   0x080034a0   Section        0  timer.o(i.rt_system_timer_init)
    i.rt_system_timer_thread_init            0x080034bc   Section        0  timer.o(i.rt_system_timer_thread_init)
    i.rt_thread_create                       0x080034be   Section        0  thread.o(i.rt_thread_create)
    i.rt_thread_delay                        0x0800350e   Section        0  thread.o(i.rt_thread_delay)
    i.rt_thread_exit                         0x0800351c   Section        0  thread.o(i.rt_thread_exit)
    i.rt_thread_idle_entry                   0x08003570   Section        0  idle.o(i.rt_thread_idle_entry)
    rt_thread_idle_entry                     0x08003571   Thumb Code     8  idle.o(i.rt_thread_idle_entry)
    i.rt_thread_idle_excute                  0x08003578   Section        0  idle.o(i.rt_thread_idle_excute)
    i.rt_thread_idle_init                    0x080035fc   Section        0  idle.o(i.rt_thread_idle_init)
    i.rt_thread_init                         0x08003638   Section        0  thread.o(i.rt_thread_init)
    i.rt_thread_resume                       0x0800366c   Section        0  thread.o(i.rt_thread_resume)
    i.rt_thread_self                         0x080036a8   Section        0  thread.o(i.rt_thread_self)
    i.rt_thread_sleep                        0x080036b4   Section        0  thread.o(i.rt_thread_sleep)
    i.rt_thread_startup                      0x080036f8   Section        0  thread.o(i.rt_thread_startup)
    i.rt_thread_suspend                      0x08003724   Section        0  thread.o(i.rt_thread_suspend)
    i.rt_thread_timeout                      0x08003768   Section        0  thread.o(i.rt_thread_timeout)
    i.rt_thread_yield                        0x08003788   Section        0  thread.o(i.rt_thread_yield)
    i.rt_tick_get                            0x080037ec   Section        0  clock.o(i.rt_tick_get)
    i.rt_tick_increase                       0x080037f8   Section        0  clock.o(i.rt_tick_increase)
    i.rt_timer_check                         0x08003828   Section        0  timer.o(i.rt_timer_check)
    i.rt_timer_control                       0x080038a4   Section        0  timer.o(i.rt_timer_control)
    i.rt_timer_detach                        0x080038dc   Section        0  timer.o(i.rt_timer_detach)
    i.rt_timer_init                          0x080038fc   Section        0  timer.o(i.rt_timer_init)
    i.rt_timer_start                         0x0800392c   Section        0  timer.o(i.rt_timer_start)
    i.rt_timer_stop                          0x08003a24   Section        0  timer.o(i.rt_timer_stop)
    i.rt_vsnprintf                           0x08003a54   Section        0  kservice.o(i.rt_vsnprintf)
    i.rti_board_end                          0x08003d7c   Section        0  components.o(i.rti_board_end)
    rti_board_end                            0x08003d7d   Thumb Code     4  components.o(i.rti_board_end)
    i.rti_board_start                        0x08003d80   Section        0  components.o(i.rti_board_start)
    rti_board_start                          0x08003d81   Thumb Code     4  components.o(i.rti_board_start)
    i.rti_end                                0x08003d84   Section        0  components.o(i.rti_end)
    rti_end                                  0x08003d85   Thumb Code     4  components.o(i.rti_end)
    i.rti_start                              0x08003d88   Section        0  components.o(i.rti_start)
    rti_start                                0x08003d89   Thumb Code     4  components.o(i.rti_start)
    i.rtthread_startup                       0x08003d8c   Section        0  components.o(i.rtthread_startup)
    i.skip_atoi                              0x08003db6   Section        0  kservice.o(i.skip_atoi)
    skip_atoi                                0x08003db7   Thumb Code    38  kservice.o(i.skip_atoi)
    i.time_thread                            0x08003ddc   Section        0  thread_mw.o(i.time_thread)
    i.uart_init                              0x08003e64   Section        0  board.o(i.uart_init)
    i.usart3_init                            0x08003ef8   Section        0  usart3.o(i.usart3_init)
    locale$$code                             0x08004080   Section       44  lc_numeric_c.o(locale$$code)
    x$fpl$dretinf                            0x080040ac   Section       12  dretinf.o(x$fpl$dretinf)
    x$fpl$f2d                                0x080040b8   Section       86  f2d.o(x$fpl$f2d)
    x$fpl$fadd                               0x08004110   Section      196  faddsub_clz.o(x$fpl$fadd)
    _fadd1                                   0x0800411f   Thumb Code     0  faddsub_clz.o(x$fpl$fadd)
    x$fpl$fcmpinf                            0x080041d4   Section       24  fcmpi.o(x$fpl$fcmpinf)
    x$fpl$fdiv                               0x080041ec   Section      388  fdiv.o(x$fpl$fdiv)
    _fdiv1                                   0x080041ed   Thumb Code     0  fdiv.o(x$fpl$fdiv)
    x$fpl$ffixu                              0x08004370   Section       62  ffixu.o(x$fpl$ffixu)
    x$fpl$ffltu                              0x080043b0   Section       38  fflt_clz.o(x$fpl$ffltu)
    x$fpl$fleqf                              0x080043d8   Section      104  fleqf.o(x$fpl$fleqf)
    x$fpl$fmul                               0x08004440   Section      258  fmul.o(x$fpl$fmul)
    x$fpl$fnaninf                            0x08004542   Section      140  fnaninf.o(x$fpl$fnaninf)
    x$fpl$fretinf                            0x080045ce   Section       10  fretinf.o(x$fpl$fretinf)
    x$fpl$frleqf                             0x080045d8   Section       98  frleqf.o(x$fpl$frleqf)
    x$fpl$frsb                               0x0800463a   Section       20  faddsub_clz.o(x$fpl$frsb)
    x$fpl$fsub                               0x08004650   Section      234  faddsub_clz.o(x$fpl$fsub)
    _fsub1                                   0x0800465f   Thumb Code     0  faddsub_clz.o(x$fpl$fsub)
    x$fpl$printf1                            0x0800473a   Section        4  printf1.o(x$fpl$printf1)
    .constdata                               0x0800473e   Section      290  kservice.o(.constdata)
    x$fpl$usenofp                            0x0800473e   Section        0  usenofp.o(x$fpl$usenofp)
    small_digits                             0x0800483e   Data          17  kservice.o(.constdata)
    large_digits                             0x0800484f   Data          17  kservice.o(.constdata)
    .constdata                               0x08004860   Section      148  bigflt0.o(.constdata)
    tenpwrs_x                                0x08004860   Data          60  bigflt0.o(.constdata)
    tenpwrs_i                                0x0800489c   Data          64  bigflt0.o(.constdata)
    .rti_fn.0                                0x080048f4   Section        4  components.o(.rti_fn.0)
    __tagsym$$used                           0x080048f4   Number         0  components.o(.rti_fn.0)
    .rti_fn.0.end                            0x080048f8   Section        4  components.o(.rti_fn.0.end)
    __tagsym$$used                           0x080048f8   Number         0  components.o(.rti_fn.0.end)
    .rti_fn.1.end                            0x080048fc   Section        4  components.o(.rti_fn.1.end)
    __tagsym$$used                           0x080048fc   Number         0  components.o(.rti_fn.1.end)
    .rti_fn.6.end                            0x08004900   Section        4  components.o(.rti_fn.6.end)
    __tagsym$$used                           0x08004900   Number         0  components.o(.rti_fn.6.end)
    locale$$data                             0x08004924   Section       28  lc_numeric_c.o(locale$$data)
    __lcnum_c_name                           0x08004928   Data           2  lc_numeric_c.o(locale$$data)
    __lcnum_c_start                          0x08004930   Data           0  lc_numeric_c.o(locale$$data)
    __lcnum_c_point                          0x0800493c   Data           0  lc_numeric_c.o(locale$$data)
    __lcnum_c_thousands                      0x0800493e   Data           0  lc_numeric_c.o(locale$$data)
    __lcnum_c_grouping                       0x0800493f   Data           0  lc_numeric_c.o(locale$$data)
    __lcnum_c_end                            0x08004940   Data           0  lc_numeric_c.o(locale$$data)
    .data                                    0x20000000   Section       12  main.o(.data)
    .data                                    0x2000000c   Section       56  thread_mw.o(.data)
    printf_time                              0x20000040   Data           2  thread_mw.o(.data)
    rt_kprintf_time                          0x20000042   Data           2  thread_mw.o(.data)
    .data                                    0x20000044   Section       73  jy901.o(.data)
    ucRxCnt                                  0x2000008c   Data           1  jy901.o(.data)
    .data                                    0x20000090   Section        4  usart3.o(.data)
    .data                                    0x20000094   Section       20  stm32f10x_rcc.o(.data)
    APBAHBPrescTable                         0x20000094   Data          16  stm32f10x_rcc.o(.data)
    ADCPrescTable                            0x200000a4   Data           4  stm32f10x_rcc.o(.data)
    .data                                    0x200000a8   Section       20  system_stm32f10x.o(.data)
    .data                                    0x200000bc   Section       16  cpuport.o(.data)
    rt_exception_hook                        0x200000c8   Data           4  cpuport.o(.data)
    .data                                    0x200000cc   Section        4  clock.o(.data)
    rt_tick                                  0x200000cc   Data           4  clock.o(.data)
    .data                                    0x200000d0   Section        1  irq.o(.data)
    .data                                    0x200000d4   Section       24  mem.o(.data)
    heap_ptr                                 0x200000d4   Data           4  mem.o(.data)
    heap_end                                 0x200000d8   Data           4  mem.o(.data)
    lfree                                    0x200000dc   Data           4  mem.o(.data)
    mem_size_aligned                         0x200000e0   Data           4  mem.o(.data)
    used_mem                                 0x200000e4   Data           4  mem.o(.data)
    max_mem                                  0x200000e8   Data           4  mem.o(.data)
    .data                                    0x200000ec   Section       64  object.o(.data)
    rt_object_container                      0x200000ec   Data          64  object.o(.data)
    .data                                    0x2000012c   Section       24  scheduler.o(.data)
    rt_scheduler_lock_nest                   0x2000012c   Data           2  scheduler.o(.data)
    .data                                    0x20000144   Section       12  timer.o(.data)
    rt_timer_list                            0x20000144   Data           8  timer.o(.data)
    random_nr                                0x2000014c   Data           4  timer.o(.data)
    .bss                                     0x20000150   Section       16  adc.o(.bss)
    .bss                                     0x20000160   Section       12  jy901.o(.bss)
    ucRxBuffer                               0x20000160   Data          12  jy901.o(.bss)
    .bss                                     0x2000016c   Section      376  idle.o(.bss)
    idle                                     0x2000016c   Data         120  idle.o(.bss)
    rt_thread_stack                          0x200001e4   Data         256  idle.o(.bss)
    .bss                                     0x200002e4   Section      128  kservice.o(.bss)
    rt_log_buf                               0x200002e4   Data         128  kservice.o(.bss)
    .bss                                     0x20000364   Section       32  mem.o(.bss)
    heap_sem                                 0x20000364   Data          32  mem.o(.bss)
    .bss                                     0x20000384   Section       64  scheduler.o(.bss)
    .bss                                     0x200003c4   Section     4096  board.o(.bss)
    rt_heap                                  0x200003c4   Data        4096  board.o(.bss)
    .bss                                     0x200013c4   Section       96  libspace.o(.bss)
    HEAP                                     0x20001428   Section      512  startup_stm32f10x_md.o(HEAP)
    Heap_Mem                                 0x20001428   Data         512  startup_stm32f10x_md.o(HEAP)
    STACK                                    0x20001628   Section     1024  startup_stm32f10x_md.o(STACK)
    Stack_Mem                                0x20001628   Data        1024  startup_stm32f10x_md.o(STACK)
    __initial_sp                             0x20001a28   Data           0  startup_stm32f10x_md.o(STACK)

    Global Symbols

    Symbol Name                              Value     Ov Type        Size  Object(Section)

    BuildAttributes$$THM_ISAv4$P$D$K$B$S$PE$A:L22UL41UL21$X:L11$S22US41US21$IEEE1$IW$USESV6$~STKCKD$USESV7$~SHL$OTIME$ROPI$IEEEJ$EBA8$UX$STANDARDLIB$REQ8$PRES8$EABIv2 0x00000000   Number         0  anon$$obj.o ABSOLUTE
    __ARM_use_no_argv                        0x00000000   Number         0  main.o ABSOLUTE
    _printf_flags                            0x00000000   Number         0  printf_stubs.o ABSOLUTE
    _printf_return_value                     0x00000000   Number         0  printf_stubs.o ABSOLUTE
    _printf_sizespec                         0x00000000   Number         0  printf_stubs.o ABSOLUTE
    _printf_widthprec                        0x00000000   Number         0  printf_stubs.o ABSOLUTE
    __ARM_exceptions_init                     - Undefined Weak Reference
    __alloca_initialize                       - Undefined Weak Reference
    __arm_preinit_                            - Undefined Weak Reference
    __cpp_initialize__aeabi_                  - Undefined Weak Reference
    __cxa_finalize                            - Undefined Weak Reference
    __sigvec_lookup                           - Undefined Weak Reference
    _atexit_init                              - Undefined Weak Reference
    _call_atexit_fns                          - Undefined Weak Reference
    _clock_init                               - Undefined Weak Reference
    _fp_trap_init                             - Undefined Weak Reference
    _fp_trap_shutdown                         - Undefined Weak Reference
    _get_lc_collate                           - Undefined Weak Reference
    _get_lc_ctype                             - Undefined Weak Reference
    _get_lc_monetary                          - Undefined Weak Reference
    _get_lc_time                              - Undefined Weak Reference
    _getenv_init                              - Undefined Weak Reference
    _handle_redirection                       - Undefined Weak Reference
    _init_alloc                               - Undefined Weak Reference
    _init_user_alloc                          - Undefined Weak Reference
    _initio                                   - Undefined Weak Reference
    _mutex_acquire                            - Undefined Weak Reference
    _mutex_release                            - Undefined Weak Reference
    _printf_truncate_signed                   - Undefined Weak Reference
    _printf_truncate_unsigned                 - Undefined Weak Reference
    _rand_init                                - Undefined Weak Reference
    _signal_finish                            - Undefined Weak Reference
    _signal_init                              - Undefined Weak Reference
    _terminate_alloc                          - Undefined Weak Reference
    _terminate_user_alloc                     - Undefined Weak Reference
    _terminateio                              - Undefined Weak Reference
    __Vectors_Size                           0x000000ec   Number         0  startup_stm32f10x_md.o ABSOLUTE
    __Vectors                                0x08000000   Data           4  startup_stm32f10x_md.o(RESET)
    __Vectors_End                            0x080000ec   Data           0  startup_stm32f10x_md.o(RESET)
    __main                                   0x080000ed   Thumb Code     8  __main.o(!!!main)
    __scatterload                            0x080000f5   Thumb Code     0  __scatter.o(!!!scatter)
    __scatterload_rt2                        0x080000f5   Thumb Code    44  __scatter.o(!!!scatter)
    __scatterload_rt2_thumb_only             0x080000f5   Thumb Code     0  __scatter.o(!!!scatter)
    __scatterload_null                       0x08000103   Thumb Code     0  __scatter.o(!!!scatter)
    __decompress                             0x08000129   Thumb Code    90  __dczerorl2.o(!!dczerorl2)
    __decompress1                            0x08000129   Thumb Code     0  __dczerorl2.o(!!dczerorl2)
    __scatterload_zeroinit                   0x08000185   Thumb Code    28  __scatter_zi.o(!!handler_zi)
    _printf_f                                0x080001a1   Thumb Code     0  _printf_f.o(.ARM.Collect$$_printf_percent$$00000003)
    _printf_percent                          0x080001a1   Thumb Code     0  _printf_percent.o(.ARM.Collect$$_printf_percent$$00000000)
    _printf_d                                0x080001a7   Thumb Code     0  _printf_d.o(.ARM.Collect$$_printf_percent$$00000009)
    _printf_percent_end                      0x080001ad   Thumb Code     0  _printf_percent_end.o(.ARM.Collect$$_printf_percent$$00000017)
    __rt_lib_init                            0x080001b1   Thumb Code     0  libinit.o(.ARM.Collect$$libinit$$00000000)
    __rt_lib_init_fp_1                       0x080001b3   Thumb Code     0  libinit2.o(.ARM.Collect$$libinit$$00000002)
    __rt_lib_init_heap_1                     0x080001b3   Thumb Code     0  libinit2.o(.ARM.Collect$$libinit$$0000000A)
    __rt_lib_init_lc_common                  0x080001b3   Thumb Code     0  libinit2.o(.ARM.Collect$$libinit$$0000000F)
    __rt_lib_init_preinit_1                  0x080001b3   Thumb Code     0  libinit2.o(.ARM.Collect$$libinit$$00000004)
    __rt_lib_init_rand_1                     0x080001b3   Thumb Code     0  libinit2.o(.ARM.Collect$$libinit$$0000000E)
    __rt_lib_init_user_alloc_1               0x080001b3   Thumb Code     0  libinit2.o(.ARM.Collect$$libinit$$0000000C)
    __rt_lib_init_lc_collate_1               0x080001b9   Thumb Code     0  libinit2.o(.ARM.Collect$$libinit$$00000011)
    __rt_lib_init_lc_ctype_1                 0x080001b9   Thumb Code     0  libinit2.o(.ARM.Collect$$libinit$$00000013)
    __rt_lib_init_lc_monetary_1              0x080001b9   Thumb Code     0  libinit2.o(.ARM.Collect$$libinit$$00000015)
    __rt_lib_init_lc_numeric_2               0x080001b9   Thumb Code     0  libinit2.o(.ARM.Collect$$libinit$$00000016)
    __rt_lib_init_alloca_1                   0x080001c3   Thumb Code     0  libinit2.o(.ARM.Collect$$libinit$$0000002E)
    __rt_lib_init_argv_1                     0x080001c3   Thumb Code     0  libinit2.o(.ARM.Collect$$libinit$$0000002C)
    __rt_lib_init_atexit_1                   0x080001c3   Thumb Code     0  libinit2.o(.ARM.Collect$$libinit$$0000001B)
    __rt_lib_init_clock_1                    0x080001c3   Thumb Code     0  libinit2.o(.ARM.Collect$$libinit$$00000021)
    __rt_lib_init_cpp_1                      0x080001c3   Thumb Code     0  libinit2.o(.ARM.Collect$$libinit$$00000032)
    __rt_lib_init_exceptions_1               0x080001c3   Thumb Code     0  libinit2.o(.ARM.Collect$$libinit$$00000030)
    __rt_lib_init_fp_trap_1                  0x080001c3   Thumb Code     0  libinit2.o(.ARM.Collect$$libinit$$0000001F)
    __rt_lib_init_getenv_1                   0x080001c3   Thumb Code     0  libinit2.o(.ARM.Collect$$libinit$$00000023)
    __rt_lib_init_lc_numeric_1               0x080001c3   Thumb Code     0  libinit2.o(.ARM.Collect$$libinit$$00000017)
    __rt_lib_init_lc_time_1                  0x080001c3   Thumb Code     0  libinit2.o(.ARM.Collect$$libinit$$00000019)
    __rt_lib_init_return                     0x080001c3   Thumb Code     0  libinit2.o(.ARM.Collect$$libinit$$00000033)
    __rt_lib_init_signal_1                   0x080001c3   Thumb Code     0  libinit2.o(.ARM.Collect$$libinit$$0000001D)
    __rt_lib_init_stdio_1                    0x080001c3   Thumb Code     0  libinit2.o(.ARM.Collect$$libinit$$00000025)
    __rt_lib_shutdown                        0x080001c5   Thumb Code     0  libshutdown.o(.ARM.Collect$$libshutdown$$00000000)
    __rt_lib_shutdown_cpp_1                  0x080001c7   Thumb Code     0  libshutdown2.o(.ARM.Collect$$libshutdown$$00000002)
    __rt_lib_shutdown_fp_trap_1              0x080001c7   Thumb Code     0  libshutdown2.o(.ARM.Collect$$libshutdown$$00000007)
    __rt_lib_shutdown_heap_1                 0x080001c7   Thumb Code     0  libshutdown2.o(.ARM.Collect$$libshutdown$$0000000F)
    __rt_lib_shutdown_return                 0x080001c7   Thumb Code     0  libshutdown2.o(.ARM.Collect$$libshutdown$$00000010)
    __rt_lib_shutdown_signal_1               0x080001c7   Thumb Code     0  libshutdown2.o(.ARM.Collect$$libshutdown$$0000000A)
    __rt_lib_shutdown_stdio_1                0x080001c7   Thumb Code     0  libshutdown2.o(.ARM.Collect$$libshutdown$$00000004)
    __rt_lib_shutdown_user_alloc_1           0x080001c7   Thumb Code     0  libshutdown2.o(.ARM.Collect$$libshutdown$$0000000C)
    __rt_entry                               0x080001c9   Thumb Code     0  __rtentry.o(.ARM.Collect$$rtentry$$00000000)
    __rt_entry_presh_1                       0x080001c9   Thumb Code     0  __rtentry2.o(.ARM.Collect$$rtentry$$00000002)
    __rt_entry_sh                            0x080001c9   Thumb Code     0  __rtentry4.o(.ARM.Collect$$rtentry$$00000004)
    __rt_entry_li                            0x080001cf   Thumb Code     0  __rtentry2.o(.ARM.Collect$$rtentry$$0000000A)
    __rt_entry_postsh_1                      0x080001cf   Thumb Code     0  __rtentry2.o(.ARM.Collect$$rtentry$$00000009)
    __rt_entry_main                          0x080001d3   Thumb Code     0  __rtentry2.o(.ARM.Collect$$rtentry$$0000000D)
    __rt_entry_postli_1                      0x080001d3   Thumb Code     0  __rtentry2.o(.ARM.Collect$$rtentry$$0000000C)
    __rt_exit                                0x080001db   Thumb Code     0  rtexit.o(.ARM.Collect$$rtexit$$00000000)
    __rt_exit_ls                             0x080001dd   Thumb Code     0  rtexit2.o(.ARM.Collect$$rtexit$$00000003)
    __rt_exit_prels_1                        0x080001dd   Thumb Code     0  rtexit2.o(.ARM.Collect$$rtexit$$00000002)
    __rt_exit_exit                           0x080001e1   Thumb Code     0  rtexit2.o(.ARM.Collect$$rtexit$$00000004)
    Reset_Handler                            0x080001e9   Thumb Code     8  startup_stm32f10x_md.o(.text)
    NMI_Handler                              0x080001f1   Thumb Code     2  startup_stm32f10x_md.o(.text)
    MemManage_Handler                        0x080001f5   Thumb Code     2  startup_stm32f10x_md.o(.text)
    BusFault_Handler                         0x080001f7   Thumb Code     2  startup_stm32f10x_md.o(.text)
    UsageFault_Handler                       0x080001f9   Thumb Code     2  startup_stm32f10x_md.o(.text)
    SVC_Handler                              0x080001fb   Thumb Code     2  startup_stm32f10x_md.o(.text)
    DebugMon_Handler                         0x080001fd   Thumb Code     2  startup_stm32f10x_md.o(.text)
    ADC1_2_IRQHandler                        0x08000203   Thumb Code     0  startup_stm32f10x_md.o(.text)
    CAN1_RX1_IRQHandler                      0x08000203   Thumb Code     0  startup_stm32f10x_md.o(.text)
    CAN1_SCE_IRQHandler                      0x08000203   Thumb Code     0  startup_stm32f10x_md.o(.text)
    DMA1_Channel1_IRQHandler                 0x08000203   Thumb Code     0  startup_stm32f10x_md.o(.text)
    DMA1_Channel2_IRQHandler                 0x08000203   Thumb Code     0  startup_stm32f10x_md.o(.text)
    DMA1_Channel3_IRQHandler                 0x08000203   Thumb Code     0  startup_stm32f10x_md.o(.text)
    DMA1_Channel4_IRQHandler                 0x08000203   Thumb Code     0  startup_stm32f10x_md.o(.text)
    DMA1_Channel5_IRQHandler                 0x08000203   Thumb Code     0  startup_stm32f10x_md.o(.text)
    DMA1_Channel6_IRQHandler                 0x08000203   Thumb Code     0  startup_stm32f10x_md.o(.text)
    DMA1_Channel7_IRQHandler                 0x08000203   Thumb Code     0  startup_stm32f10x_md.o(.text)
    EXTI0_IRQHandler                         0x08000203   Thumb Code     0  startup_stm32f10x_md.o(.text)
    EXTI15_10_IRQHandler                     0x08000203   Thumb Code     0  startup_stm32f10x_md.o(.text)
    EXTI1_IRQHandler                         0x08000203   Thumb Code     0  startup_stm32f10x_md.o(.text)
    EXTI2_IRQHandler                         0x08000203   Thumb Code     0  startup_stm32f10x_md.o(.text)
    EXTI3_IRQHandler                         0x08000203   Thumb Code     0  startup_stm32f10x_md.o(.text)
    EXTI4_IRQHandler                         0x08000203   Thumb Code     0  startup_stm32f10x_md.o(.text)
    EXTI9_5_IRQHandler                       0x08000203   Thumb Code     0  startup_stm32f10x_md.o(.text)
    FLASH_IRQHandler                         0x08000203   Thumb Code     0  startup_stm32f10x_md.o(.text)
    I2C1_ER_IRQHandler                       0x08000203   Thumb Code     0  startup_stm32f10x_md.o(.text)
    I2C1_EV_IRQHandler                       0x08000203   Thumb Code     0  startup_stm32f10x_md.o(.text)
    I2C2_ER_IRQHandler                       0x08000203   Thumb Code     0  startup_stm32f10x_md.o(.text)
    I2C2_EV_IRQHandler                       0x08000203   Thumb Code     0  startup_stm32f10x_md.o(.text)
    PVD_IRQHandler                           0x08000203   Thumb Code     0  startup_stm32f10x_md.o(.text)
    RCC_IRQHandler                           0x08000203   Thumb Code     0  startup_stm32f10x_md.o(.text)
    RTCAlarm_IRQHandler                      0x08000203   Thumb Code     0  startup_stm32f10x_md.o(.text)
    RTC_IRQHandler                           0x08000203   Thumb Code     0  startup_stm32f10x_md.o(.text)
    SPI1_IRQHandler                          0x08000203   Thumb Code     0  startup_stm32f10x_md.o(.text)
    SPI2_IRQHandler                          0x08000203   Thumb Code     0  startup_stm32f10x_md.o(.text)
    TAMPER_IRQHandler                        0x08000203   Thumb Code     0  startup_stm32f10x_md.o(.text)
    TIM1_BRK_IRQHandler                      0x08000203   Thumb Code     0  startup_stm32f10x_md.o(.text)
    TIM1_CC_IRQHandler                       0x08000203   Thumb Code     0  startup_stm32f10x_md.o(.text)
    TIM1_TRG_COM_IRQHandler                  0x08000203   Thumb Code     0  startup_stm32f10x_md.o(.text)
    TIM1_UP_IRQHandler                       0x08000203   Thumb Code     0  startup_stm32f10x_md.o(.text)
    TIM2_IRQHandler                          0x08000203   Thumb Code     0  startup_stm32f10x_md.o(.text)
    TIM3_IRQHandler                          0x08000203   Thumb Code     0  startup_stm32f10x_md.o(.text)
    TIM4_IRQHandler                          0x08000203   Thumb Code     0  startup_stm32f10x_md.o(.text)
    USART1_IRQHandler                        0x08000203   Thumb Code     0  startup_stm32f10x_md.o(.text)
    USART3_IRQHandler                        0x08000203   Thumb Code     0  startup_stm32f10x_md.o(.text)
    USBWakeUp_IRQHandler                     0x08000203   Thumb Code     0  startup_stm32f10x_md.o(.text)
    USB_HP_CAN1_TX_IRQHandler                0x08000203   Thumb Code     0  startup_stm32f10x_md.o(.text)
    USB_LP_CAN1_RX0_IRQHandler               0x08000203   Thumb Code     0  startup_stm32f10x_md.o(.text)
    WWDG_IRQHandler                          0x08000203   Thumb Code     0  startup_stm32f10x_md.o(.text)
    __user_initial_stackheap                 0x08000205   Thumb Code     0  startup_stm32f10x_md.o(.text)
    rt_hw_interrupt_disable                  0x08000229   Thumb Code     8  context_rvds.o(.text)
    rt_hw_interrupt_enable                   0x08000231   Thumb Code     6  context_rvds.o(.text)
    rt_hw_context_switch                     0x08000237   Thumb Code    32  context_rvds.o(.text)
    rt_hw_context_switch_interrupt           0x08000237   Thumb Code     0  context_rvds.o(.text)
    PendSV_Handler                           0x08000257   Thumb Code    60  context_rvds.o(.text)
    rt_hw_context_switch_to                  0x08000293   Thumb Code    58  context_rvds.o(.text)
    rt_hw_interrupt_thread_switch            0x080002cd   Thumb Code     2  context_rvds.o(.text)
    HardFault_Handler                        0x080002cf   Thumb Code    52  context_rvds.o(.text)
    __use_no_semihosting                     0x0800031d   Thumb Code     2  use_no_semi_2.o(.text)
    __2printf                                0x08000321   Thumb Code    20  noretval__2printf.o(.text)
    _printf_pre_padding                      0x08000339   Thumb Code    44  _printf_pad.o(.text)
    _printf_post_padding                     0x08000365   Thumb Code    34  _printf_pad.o(.text)
    _printf_int_dec                          0x08000389   Thumb Code   104  _printf_dec.o(.text)
    __printf                                 0x08000401   Thumb Code   270  __printf_wp.o(.text)
    __use_two_region_memory                  0x0800050f   Thumb Code     2  heapauxi.o(.text)
    __rt_heap_escrow$2region                 0x08000511   Thumb Code     2  heapauxi.o(.text)
    __rt_heap_expand$2region                 0x08000513   Thumb Code     2  heapauxi.o(.text)
    __I$use$semihosting                      0x08000515   Thumb Code     0  use_no_semi.o(.text)
    __use_no_semihosting_swi                 0x08000515   Thumb Code     2  use_no_semi.o(.text)
    _printf_int_common                       0x08000517   Thumb Code   178  _printf_intcommon.o(.text)
    __lib_sel_fp_printf                      0x080005c9   Thumb Code     2  _printf_fp_dec.o(.text)
    _printf_fp_dec_real                      0x0800077b   Thumb Code   620  _printf_fp_dec.o(.text)
    _printf_char_file                        0x080009e9   Thumb Code    32  _printf_char_file.o(.text)
    __rt_locale                              0x08000a0d   Thumb Code     8  rt_locale_intlibspace.o(.text)
    _ll_udiv10                               0x08000a15   Thumb Code   138  lludiv10.o(.text)
    _printf_char_common                      0x08000aab   Thumb Code    32  _printf_char_common.o(.text)
    _printf_fp_infnan                        0x08000ad1   Thumb Code   112  _printf_fp_infnan.o(.text)
    _btod_etento                             0x08000b51   Thumb Code   224  bigflt0.o(.text)
    ferror                                   0x08000c35   Thumb Code     8  ferror.o(.text)
    __user_libspace                          0x08000c3d   Thumb Code     8  libspace.o(.text)
    __user_perproc_libspace                  0x08000c3d   Thumb Code     0  libspace.o(.text)
    __user_perthread_libspace                0x08000c3d   Thumb Code     0  libspace.o(.text)
    __user_setup_stackheap                   0x08000c45   Thumb Code    74  sys_stackheap_outer.o(.text)
    exit                                     0x08000c8f   Thumb Code    18  exit.o(.text)
    strcmp                                   0x08000ca1   Thumb Code   128  strcmpv7m.o(.text)
    _btod_d2e                                0x08000d21   Thumb Code    62  btod.o(CL$$btod_d2e)
    _d2e_denorm_low                          0x08000d5f   Thumb Code    70  btod.o(CL$$btod_d2e_denorm_low)
    _d2e_norm_op1                            0x08000da5   Thumb Code    96  btod.o(CL$$btod_d2e_norm_op1)
    __btod_div_common                        0x08000e05   Thumb Code   696  btod.o(CL$$btod_div_common)
    _e2e                                     0x0800113d   Thumb Code   220  btod.o(CL$$btod_e2e)
    _btod_ediv                               0x08001219   Thumb Code    42  btod.o(CL$$btod_ediv)
    _btod_emul                               0x08001243   Thumb Code    42  btod.o(CL$$btod_emul)
    __btod_mult_common                       0x0800126d   Thumb Code   580  btod.o(CL$$btod_mult_common)
    main                                     0x080014b1   Thumb Code    14  components.o(i.$Sub$$main)
    Adc_Init                                 0x080014c1   Thumb Code   296  adc.o(i.Adc_Init)
    CharToLong                               0x08001605   Thumb Code    18  jy901.o(i.CharToLong)
    CopeSerialData                           0x08001619   Thumb Code   604  jy901.o(i.CopeSerialData)
    GPIO_Init                                0x080018a9   Thumb Code   278  stm32f10x_gpio.o(i.GPIO_Init)
    Get_Adc                                  0x080019c1   Thumb Code    64  adc.o(i.Get_Adc)
    NVIC_Init                                0x08001a05   Thumb Code   100  misc.o(i.NVIC_Init)
    RCC_APB2PeriphClockCmd                   0x08001a75   Thumb Code    26  stm32f10x_rcc.o(i.RCC_APB2PeriphClockCmd)
    RCC_GetClocksFreq                        0x08001a95   Thumb Code   192  stm32f10x_rcc.o(i.RCC_GetClocksFreq)
    SysTick_Handler                          0x08001c51   Thumb Code    16  board.o(i.SysTick_Handler)
    SystemCoreClockUpdate                    0x08001c61   Thumb Code   142  system_stm32f10x.o(i.SystemCoreClockUpdate)
    SystemInit                               0x08001d05   Thumb Code    78  system_stm32f10x.o(i.SystemInit)
    USART2_IRQHandler                        0x08001d65   Thumb Code    28  usart2.o(i.USART2_IRQHandler)
    USART_Cmd                                0x08001d85   Thumb Code    24  stm32f10x_usart.o(i.USART_Cmd)
    USART_GetFlagStatus                      0x08001d9d   Thumb Code    26  stm32f10x_usart.o(i.USART_GetFlagStatus)
    USART_Init                               0x08001db9   Thumb Code   210  stm32f10x_usart.o(i.USART_Init)
    USART_SendData                           0x08001e91   Thumb Code     8  stm32f10x_usart.o(i.USART_SendData)
    __ARM_fpclassify                         0x08001ec9   Thumb Code    40  fpclassify.o(i.__ARM_fpclassify)
    __rt_ffs                                 0x08001ef1   Thumb Code    70  kservice.o(i.__rt_ffs)
    _is_digit                                0x08001f51   Thumb Code    14  __printf_wp.o(i._is_digit)
    _sys_exit                                0x08002055   Thumb Code     8  usart3.o(i._sys_exit)
    fputc                                    0x0800205d   Thumb Code    24  usart3.o(i.fputc)
    get_adc                                  0x08002079   Thumb Code   698  thread_mw.o(i.get_adc)
    get_tick_time                            0x080023c1   Thumb Code   164  thread_mw.o(i.get_tick_time)
    $Super$$main                             0x08002485   Thumb Code    98  main.o(i.main)
    main_thread_entry                        0x08002559   Thumb Code    14  components.o(i.main_thread_entry)
    rt_application_init                      0x0800276d   Thumb Code    32  components.o(i.rt_application_init)
    rt_components_board_init                 0x08002799   Thumb Code    20  components.o(i.rt_components_board_init)
    rt_components_init                       0x080027b5   Thumb Code    20  components.o(i.rt_components_init)
    rt_enter_critical                        0x080027d1   Thumb Code    28  scheduler.o(i.rt_enter_critical)
    rt_exit_critical                         0x080027f1   Thumb Code    54  scheduler.o(i.rt_exit_critical)
    rt_free                                  0x0800282d   Thumb Code   128  mem.o(i.rt_free)
    rt_heap_begin_get                        0x0800290d   Thumb Code     4  board.o(i.rt_heap_begin_get)
    rt_heap_end_get                          0x08002915   Thumb Code     4  board.o(i.rt_heap_end_get)
    rt_hw_board_init                         0x0800291d   Thumb Code    56  board.o(i.rt_hw_board_init)
    rt_hw_console_output                     0x08002959   Thumb Code    46  board.o(i.rt_hw_console_output)
    rt_hw_hard_fault_exception               0x0800298d   Thumb Code   190  cpuport.o(i.rt_hw_hard_fault_exception)
    rt_hw_stack_init                         0x08002b8d   Thumb Code    70  cpuport.o(i.rt_hw_stack_init)
    rt_interrupt_enter                       0x08002bd9   Thumb Code    26  irq.o(i.rt_interrupt_enter)
    rt_interrupt_leave                       0x08002bf9   Thumb Code    26  irq.o(i.rt_interrupt_leave)
    rt_kprintf                               0x08002ca9   Thumb Code    44  kservice.o(i.rt_kprintf)
    rt_malloc                                0x08002d69   Thumb Code   336  mem.o(i.rt_malloc)
    rt_memset                                0x08002ed5   Thumb Code    72  kservice.o(i.rt_memset)
    rt_object_allocate                       0x08002f1d   Thumb Code    84  object.o(i.rt_object_allocate)
    rt_object_delete                         0x08002f71   Thumb Code    36  object.o(i.rt_object_delete)
    rt_object_detach                         0x08002f95   Thumb Code    30  object.o(i.rt_object_detach)
    rt_object_get_information                0x08002fb5   Thumb Code    36  object.o(i.rt_object_get_information)
    rt_object_init                           0x08002fdd   Thumb Code    60  object.o(i.rt_object_init)
    rt_object_is_systemobject                0x08003019   Thumb Code    18  object.o(i.rt_object_is_systemobject)
    rt_schedule                              0x0800302d   Thumb Code   118  scheduler.o(i.rt_schedule)
    rt_schedule_insert_thread                0x080030bd   Thumb Code    72  scheduler.o(i.rt_schedule_insert_thread)
    rt_schedule_remove_thread                0x0800310d   Thumb Code    76  scheduler.o(i.rt_schedule_remove_thread)
    rt_sem_init                              0x08003161   Thumb Code    38  ipc.o(i.rt_sem_init)
    rt_sem_release                           0x08003187   Thumb Code    58  ipc.o(i.rt_sem_release)
    rt_sem_take                              0x080031c1   Thumb Code   116  ipc.o(i.rt_sem_take)
    rt_show_version                          0x08003235   Thumb Code    38  kservice.o(i.rt_show_version)
    rt_strlen                                0x080032e5   Thumb Code    18  kservice.o(i.rt_strlen)
    rt_strncpy                               0x080032f7   Thumb Code    52  kservice.o(i.rt_strncpy)
    rt_system_heap_init                      0x0800332d   Thumb Code   160  mem.o(i.rt_system_heap_init)
    rt_system_scheduler_init                 0x08003425   Thumb Code    52  scheduler.o(i.rt_system_scheduler_init)
    rt_system_scheduler_start                0x08003471   Thumb Code    36  scheduler.o(i.rt_system_scheduler_start)
    rt_system_timer_init                     0x080034a1   Thumb Code    24  timer.o(i.rt_system_timer_init)
    rt_system_timer_thread_init              0x080034bd   Thumb Code     2  timer.o(i.rt_system_timer_thread_init)
    rt_thread_create                         0x080034bf   Thumb Code    80  thread.o(i.rt_thread_create)
    rt_thread_delay                          0x0800350f   Thumb Code    12  thread.o(i.rt_thread_delay)
    rt_thread_exit                           0x0800351d   Thumb Code    76  thread.o(i.rt_thread_exit)
    rt_thread_idle_excute                    0x08003579   Thumb Code   128  idle.o(i.rt_thread_idle_excute)
    rt_thread_idle_init                      0x080035fd   Thumb Code    38  idle.o(i.rt_thread_idle_init)
    rt_thread_init                           0x08003639   Thumb Code    52  thread.o(i.rt_thread_init)
    rt_thread_resume                         0x0800366d   Thumb Code    60  thread.o(i.rt_thread_resume)
    rt_thread_self                           0x080036a9   Thumb Code     6  thread.o(i.rt_thread_self)
    rt_thread_sleep                          0x080036b5   Thumb Code    62  thread.o(i.rt_thread_sleep)
    rt_thread_startup                        0x080036f9   Thumb Code    44  thread.o(i.rt_thread_startup)
    rt_thread_suspend                        0x08003725   Thumb Code    68  thread.o(i.rt_thread_suspend)
    rt_thread_timeout                        0x08003769   Thumb Code    32  thread.o(i.rt_thread_timeout)
    rt_thread_yield                          0x08003789   Thumb Code    92  thread.o(i.rt_thread_yield)
    rt_tick_get                              0x080037ed   Thumb Code     6  clock.o(i.rt_tick_get)
    rt_tick_increase                         0x080037f9   Thumb Code    42  clock.o(i.rt_tick_increase)
    rt_timer_check                           0x08003829   Thumb Code   118  timer.o(i.rt_timer_check)
    rt_timer_control                         0x080038a5   Thumb Code    56  timer.o(i.rt_timer_control)
    rt_timer_detach                          0x080038dd   Thumb Code    32  timer.o(i.rt_timer_detach)
    rt_timer_init                            0x080038fd   Thumb Code    46  timer.o(i.rt_timer_init)
    rt_timer_start                           0x0800392d   Thumb Code   238  timer.o(i.rt_timer_start)
    rt_timer_stop                            0x08003a25   Thumb Code    48  timer.o(i.rt_timer_stop)
    rt_vsnprintf                             0x08003a55   Thumb Code   800  kservice.o(i.rt_vsnprintf)
    rtthread_startup                         0x08003d8d   Thumb Code    42  components.o(i.rtthread_startup)
    time_thread                              0x08003ddd   Thumb Code    64  thread_mw.o(i.time_thread)
    uart_init                                0x08003e65   Thumb Code   140  board.o(i.uart_init)
    usart3_init                              0x08003ef9   Thumb Code   366  usart3.o(i.usart3_init)
    _get_lc_numeric                          0x08004081   Thumb Code    44  lc_numeric_c.o(locale$$code)
    __fpl_dretinf                            0x080040ad   Thumb Code    12  dretinf.o(x$fpl$dretinf)
    __aeabi_f2d                              0x080040b9   Thumb Code     0  f2d.o(x$fpl$f2d)
    _f2d                                     0x080040b9   Thumb Code    86  f2d.o(x$fpl$f2d)
    __aeabi_fadd                             0x08004111   Thumb Code     0  faddsub_clz.o(x$fpl$fadd)
    _fadd                                    0x08004111   Thumb Code   196  faddsub_clz.o(x$fpl$fadd)
    __fpl_fcmp_Inf                           0x080041d5   Thumb Code    24  fcmpi.o(x$fpl$fcmpinf)
    __aeabi_fdiv                             0x080041ed   Thumb Code     0  fdiv.o(x$fpl$fdiv)
    _fdiv                                    0x080041ed   Thumb Code   384  fdiv.o(x$fpl$fdiv)
    __aeabi_f2uiz                            0x08004371   Thumb Code     0  ffixu.o(x$fpl$ffixu)
    _ffixu                                   0x08004371   Thumb Code    62  ffixu.o(x$fpl$ffixu)
    __aeabi_ui2f                             0x080043b1   Thumb Code     0  fflt_clz.o(x$fpl$ffltu)
    _ffltu                                   0x080043b1   Thumb Code    38  fflt_clz.o(x$fpl$ffltu)
    __aeabi_cfcmple                          0x080043d9   Thumb Code     0  fleqf.o(x$fpl$fleqf)
    _fcmple                                  0x080043d9   Thumb Code   104  fleqf.o(x$fpl$fleqf)
    __fpl_fcmple_InfNaN                      0x0800442b   Thumb Code     0  fleqf.o(x$fpl$fleqf)
    __aeabi_fmul                             0x08004441   Thumb Code     0  fmul.o(x$fpl$fmul)
    _fmul                                    0x08004441   Thumb Code   258  fmul.o(x$fpl$fmul)
    __fpl_fnaninf                            0x08004543   Thumb Code   140  fnaninf.o(x$fpl$fnaninf)
    __fpl_fretinf                            0x080045cf   Thumb Code    10  fretinf.o(x$fpl$fretinf)
    __aeabi_cfrcmple                         0x080045d9   Thumb Code     0  frleqf.o(x$fpl$frleqf)
    _frcmple                                 0x080045d9   Thumb Code    98  frleqf.o(x$fpl$frleqf)
    __aeabi_frsub                            0x0800463b   Thumb Code     0  faddsub_clz.o(x$fpl$frsb)
    _frsb                                    0x0800463b   Thumb Code    20  faddsub_clz.o(x$fpl$frsb)
    __aeabi_fsub                             0x08004651   Thumb Code     0  faddsub_clz.o(x$fpl$fsub)
    _fsub                                    0x08004651   Thumb Code   234  faddsub_clz.o(x$fpl$fsub)
    _printf_fp_dec                           0x0800473b   Thumb Code     4  printf1.o(x$fpl$printf1)
    __I$use$fp                               0x0800473e   Number         0  usenofp.o(x$fpl$usenofp)
    __lowest_bit_bitmap                      0x0800473e   Data         256  kservice.o(.constdata)
    __rt_init_rti_start                      0x080048f4   Data           4  components.o(.rti_fn.0)
    __rt_init_rti_board_start                0x080048f8   Data           4  components.o(.rti_fn.0.end)
    __rt_init_rti_board_end                  0x080048fc   Data           4  components.o(.rti_fn.1.end)
    __rt_init_rti_end                        0x08004900   Data           4  components.o(.rti_fn.6.end)
    Region$$Table$$Base                      0x08004904   Number         0  anon$$obj.o(Region$$Table)
    Region$$Table$$Limit                     0x08004924   Number         0  anon$$obj.o(Region$$Table)
    tid1                                     0x20000000   Data           4  main.o(.data)
    tid2                                     0x20000004   Data           4  main.o(.data)
    tid_time                                 0x20000008   Data           4  main.o(.data)
    time_x                                   0x2000000c   Data           2  thread_mw.o(.data)
    time_xx                                  0x2000000e   Data           2  thread_mw.o(.data)
    time_xxx                                 0x20000010   Data           2  thread_mw.o(.data)
    time_xxxx                                0x20000012   Data           2  thread_mw.o(.data)
    state                                    0x20000014   Data           1  thread_mw.o(.data)
    state_ST                                 0x20000018   Data           4  thread_mw.o(.data)
    state_HO                                 0x2000001c   Data           4  thread_mw.o(.data)
    state_SW                                 0x20000020   Data           4  thread_mw.o(.data)
    state_HS                                 0x20000024   Data           4  thread_mw.o(.data)
    state_num                                0x20000028   Data           4  thread_mw.o(.data)
    state_flag                               0x2000002c   Data           4  thread_mw.o(.data)
    sw_p                                     0x20000030   Data           4  thread_mw.o(.data)
    st_p                                     0x20000034   Data           4  thread_mw.o(.data)
    ho_p                                     0x20000038   Data           4  thread_mw.o(.data)
    hs_p                                     0x2000003c   Data           4  thread_mw.o(.data)
    stcTime                                  0x20000044   Data           8  jy901.o(.data)
    stcAcc                                   0x2000004c   Data           8  jy901.o(.data)
    stcGyro                                  0x20000054   Data           8  jy901.o(.data)
    stcAngle                                 0x2000005c   Data           8  jy901.o(.data)
    stcMag                                   0x20000064   Data           8  jy901.o(.data)
    stcDStatus                               0x2000006c   Data           8  jy901.o(.data)
    stcPress                                 0x20000074   Data           8  jy901.o(.data)
    stcLonLat                                0x2000007c   Data           8  jy901.o(.data)
    stcGPSV                                  0x20000084   Data           8  jy901.o(.data)
    __stdout                                 0x20000090   Data           4  usart3.o(.data)
    SystemCoreClock                          0x200000a8   Data           4  system_stm32f10x.o(.data)
    AHBPrescTable                            0x200000ac   Data          16  system_stm32f10x.o(.data)
    rt_interrupt_from_thread                 0x200000bc   Data           4  cpuport.o(.data)
    rt_interrupt_to_thread                   0x200000c0   Data           4  cpuport.o(.data)
    rt_thread_switch_interrupt_flag          0x200000c4   Data           4  cpuport.o(.data)
    rt_interrupt_nest                        0x200000d0   Data           1  irq.o(.data)
    rt_current_thread                        0x20000130   Data           4  scheduler.o(.data)
    rt_current_priority                      0x20000134   Data           1  scheduler.o(.data)
    rt_thread_ready_priority_group           0x20000138   Data           4  scheduler.o(.data)
    rt_thread_defunct                        0x2000013c   Data           8  scheduler.o(.data)
    Analog_v                                 0x20000150   Data          16  adc.o(.bss)
    rt_thread_priority_table                 0x20000384   Data          64  scheduler.o(.bss)
    __libspace_start                         0x200013c4   Data          96  libspace.o(.bss)
    __temporary_stack_top$libspace           0x20001424   Data           0  libspace.o(.bss)



==============================================================================

Memory Map of the image

  Image Entry point : 0x080000ed

  Load Region LR_IROM1 (Base: 0x08000000, Size: 0x00004a90, Max: 0x00010000, ABSOLUTE, COMPRESSED[0x00004980])

    Execution Region ER_IROM1 (Exec base: 0x08000000, Load base: 0x08000000, Size: 0x00004940, Max: 0x00010000, ABSOLUTE)

    Exec Addr    Load Addr    Size         Type   Attr      Idx    E Section Name        Object

    0x08000000   0x08000000   0x000000ec   Data   RO          992    RESET               startup_stm32f10x_md.o
    0x080000ec   0x080000ec   0x00000008   Code   RO         2105  * !!!main             c_w.l(__main.o)
    0x080000f4   0x080000f4   0x00000034   Code   RO         2359    !!!scatter          c_w.l(__scatter.o)
    0x08000128   0x08000128   0x0000005a   Code   RO         2357    !!dczerorl2         c_w.l(__dczerorl2.o)
    0x08000182   0x08000182   0x00000002   PAD
    0x08000184   0x08000184   0x0000001c   Code   RO         2361    !!handler_zi        c_w.l(__scatter_zi.o)
    0x080001a0   0x080001a0   0x00000000   Code   RO         2102    .ARM.Collect$$_printf_percent$$00000000  c_w.l(_printf_percent.o)
    0x080001a0   0x080001a0   0x00000006   Code   RO         2101    .ARM.Collect$$_printf_percent$$00000003  c_w.l(_printf_f.o)
    0x080001a6   0x080001a6   0x00000006   Code   RO         2100    .ARM.Collect$$_printf_percent$$00000009  c_w.l(_printf_d.o)
    0x080001ac   0x080001ac   0x00000004   Code   RO         2146    .ARM.Collect$$_printf_percent$$00000017  c_w.l(_printf_percent_end.o)
    0x080001b0   0x080001b0   0x00000002   Code   RO         2234    .ARM.Collect$$libinit$$00000000  c_w.l(libinit.o)
    0x080001b2   0x080001b2   0x00000000   Code   RO         2236    .ARM.Collect$$libinit$$00000002  c_w.l(libinit2.o)
    0x080001b2   0x080001b2   0x00000000   Code   RO         2238    .ARM.Collect$$libinit$$00000004  c_w.l(libinit2.o)
    0x080001b2   0x080001b2   0x00000000   Code   RO         2241    .ARM.Collect$$libinit$$0000000A  c_w.l(libinit2.o)
    0x080001b2   0x080001b2   0x00000000   Code   RO         2243    .ARM.Collect$$libinit$$0000000C  c_w.l(libinit2.o)
    0x080001b2   0x080001b2   0x00000000   Code   RO         2245    .ARM.Collect$$libinit$$0000000E  c_w.l(libinit2.o)
    0x080001b2   0x080001b2   0x00000006   Code   RO         2246    .ARM.Collect$$libinit$$0000000F  c_w.l(libinit2.o)
    0x080001b8   0x080001b8   0x00000000   Code   RO         2248    .ARM.Collect$$libinit$$00000011  c_w.l(libinit2.o)
    0x080001b8   0x080001b8   0x00000000   Code   RO         2250    .ARM.Collect$$libinit$$00000013  c_w.l(libinit2.o)
    0x080001b8   0x080001b8   0x00000000   Code   RO         2252    .ARM.Collect$$libinit$$00000015  c_w.l(libinit2.o)
    0x080001b8   0x080001b8   0x0000000a   Code   RO         2253    .ARM.Collect$$libinit$$00000016  c_w.l(libinit2.o)
    0x080001c2   0x080001c2   0x00000000   Code   RO         2254    .ARM.Collect$$libinit$$00000017  c_w.l(libinit2.o)
    0x080001c2   0x080001c2   0x00000000   Code   RO         2256    .ARM.Collect$$libinit$$00000019  c_w.l(libinit2.o)
    0x080001c2   0x080001c2   0x00000000   Code   RO         2258    .ARM.Collect$$libinit$$0000001B  c_w.l(libinit2.o)
    0x080001c2   0x080001c2   0x00000000   Code   RO         2260    .ARM.Collect$$libinit$$0000001D  c_w.l(libinit2.o)
    0x080001c2   0x080001c2   0x00000000   Code   RO         2262    .ARM.Collect$$libinit$$0000001F  c_w.l(libinit2.o)
    0x080001c2   0x080001c2   0x00000000   Code   RO         2264    .ARM.Collect$$libinit$$00000021  c_w.l(libinit2.o)
    0x080001c2   0x080001c2   0x00000000   Code   RO         2266    .ARM.Collect$$libinit$$00000023  c_w.l(libinit2.o)
    0x080001c2   0x080001c2   0x00000000   Code   RO         2268    .ARM.Collect$$libinit$$00000025  c_w.l(libinit2.o)
    0x080001c2   0x080001c2   0x00000000   Code   RO         2272    .ARM.Collect$$libinit$$0000002C  c_w.l(libinit2.o)
    0x080001c2   0x080001c2   0x00000000   Code   RO         2274    .ARM.Collect$$libinit$$0000002E  c_w.l(libinit2.o)
    0x080001c2   0x080001c2   0x00000000   Code   RO         2276    .ARM.Collect$$libinit$$00000030  c_w.l(libinit2.o)
    0x080001c2   0x080001c2   0x00000000   Code   RO         2278    .ARM.Collect$$libinit$$00000032  c_w.l(libinit2.o)
    0x080001c2   0x080001c2   0x00000002   Code   RO         2279    .ARM.Collect$$libinit$$00000033  c_w.l(libinit2.o)
    0x080001c4   0x080001c4   0x00000002   Code   RO         2307    .ARM.Collect$$libshutdown$$00000000  c_w.l(libshutdown.o)
    0x080001c6   0x080001c6   0x00000000   Code   RO         2316    .ARM.Collect$$libshutdown$$00000002  c_w.l(libshutdown2.o)
    0x080001c6   0x080001c6   0x00000000   Code   RO         2318    .ARM.Collect$$libshutdown$$00000004  c_w.l(libshutdown2.o)
    0x080001c6   0x080001c6   0x00000000   Code   RO         2321    .ARM.Collect$$libshutdown$$00000007  c_w.l(libshutdown2.o)
    0x080001c6   0x080001c6   0x00000000   Code   RO         2324    .ARM.Collect$$libshutdown$$0000000A  c_w.l(libshutdown2.o)
    0x080001c6   0x080001c6   0x00000000   Code   RO         2326    .ARM.Collect$$libshutdown$$0000000C  c_w.l(libshutdown2.o)
    0x080001c6   0x080001c6   0x00000000   Code   RO         2329    .ARM.Collect$$libshutdown$$0000000F  c_w.l(libshutdown2.o)
    0x080001c6   0x080001c6   0x00000002   Code   RO         2330    .ARM.Collect$$libshutdown$$00000010  c_w.l(libshutdown2.o)
    0x080001c8   0x080001c8   0x00000000   Code   RO         2139    .ARM.Collect$$rtentry$$00000000  c_w.l(__rtentry.o)
    0x080001c8   0x080001c8   0x00000000   Code   RO         2157    .ARM.Collect$$rtentry$$00000002  c_w.l(__rtentry2.o)
    0x080001c8   0x080001c8   0x00000006   Code   RO         2169    .ARM.Collect$$rtentry$$00000004  c_w.l(__rtentry4.o)
    0x080001ce   0x080001ce   0x00000000   Code   RO         2159    .ARM.Collect$$rtentry$$00000009  c_w.l(__rtentry2.o)
    0x080001ce   0x080001ce   0x00000004   Code   RO         2160    .ARM.Collect$$rtentry$$0000000A  c_w.l(__rtentry2.o)
    0x080001d2   0x080001d2   0x00000000   Code   RO         2162    .ARM.Collect$$rtentry$$0000000C  c_w.l(__rtentry2.o)
    0x080001d2   0x080001d2   0x00000008   Code   RO         2163    .ARM.Collect$$rtentry$$0000000D  c_w.l(__rtentry2.o)
    0x080001da   0x080001da   0x00000002   Code   RO         2280    .ARM.Collect$$rtexit$$00000000  c_w.l(rtexit.o)
    0x080001dc   0x080001dc   0x00000000   Code   RO         2287    .ARM.Collect$$rtexit$$00000002  c_w.l(rtexit2.o)
    0x080001dc   0x080001dc   0x00000004   Code   RO         2288    .ARM.Collect$$rtexit$$00000003  c_w.l(rtexit2.o)
    0x080001e0   0x080001e0   0x00000006   Code   RO         2289    .ARM.Collect$$rtexit$$00000004  c_w.l(rtexit2.o)
    0x080001e6   0x080001e6   0x00000002   PAD
    0x080001e8   0x080001e8   0x00000040   Code   RO          993    .text               startup_stm32f10x_md.o
    0x08000228   0x08000228   0x000000f4   Code   RO         1043    .text               context_rvds.o
    0x0800031c   0x0800031c   0x00000002   Code   RO         2068    .text               c_w.l(use_no_semi_2.o)
    0x0800031e   0x0800031e   0x00000002   PAD
    0x08000320   0x08000320   0x00000018   Code   RO         2072    .text               c_w.l(noretval__2printf.o)
    0x08000338   0x08000338   0x0000004e   Code   RO         2076    .text               c_w.l(_printf_pad.o)
    0x08000386   0x08000386   0x00000002   PAD
    0x08000388   0x08000388   0x00000078   Code   RO         2078    .text               c_w.l(_printf_dec.o)
    0x08000400   0x08000400   0x0000010e   Code   RO         2088    .text               c_w.l(__printf_wp.o)
    0x0800050e   0x0800050e   0x00000006   Code   RO         2103    .text               c_w.l(heapauxi.o)
    0x08000514   0x08000514   0x00000002   Code   RO         2137    .text               c_w.l(use_no_semi.o)
    0x08000516   0x08000516   0x000000b2   Code   RO         2140    .text               c_w.l(_printf_intcommon.o)
    0x080005c8   0x080005c8   0x0000041e   Code   RO         2142    .text               c_w.l(_printf_fp_dec.o)
    0x080009e6   0x080009e6   0x00000002   PAD
    0x080009e8   0x080009e8   0x00000024   Code   RO         2144    .text               c_w.l(_printf_char_file.o)
    0x08000a0c   0x08000a0c   0x00000008   Code   RO         2174    .text               c_w.l(rt_locale_intlibspace.o)
    0x08000a14   0x08000a14   0x0000008a   Code   RO         2176    .text               c_w.l(lludiv10.o)
    0x08000a9e   0x08000a9e   0x00000002   PAD
    0x08000aa0   0x08000aa0   0x00000030   Code   RO         2178    .text               c_w.l(_printf_char_common.o)
    0x08000ad0   0x08000ad0   0x00000080   Code   RO         2180    .text               c_w.l(_printf_fp_infnan.o)
    0x08000b50   0x08000b50   0x000000e4   Code   RO         2182    .text               c_w.l(bigflt0.o)
    0x08000c34   0x08000c34   0x00000008   Code   RO         2207    .text               c_w.l(ferror.o)
    0x08000c3c   0x08000c3c   0x00000008   Code   RO         2218    .text               c_w.l(libspace.o)
    0x08000c44   0x08000c44   0x0000004a   Code   RO         2221    .text               c_w.l(sys_stackheap_outer.o)
    0x08000c8e   0x08000c8e   0x00000012   Code   RO         2225    .text               c_w.l(exit.o)
    0x08000ca0   0x08000ca0   0x00000080   Code   RO         2227    .text               c_w.l(strcmpv7m.o)
    0x08000d20   0x08000d20   0x0000003e   Code   RO         2185    CL$$btod_d2e        c_w.l(btod.o)
    0x08000d5e   0x08000d5e   0x00000046   Code   RO         2187    CL$$btod_d2e_denorm_low  c_w.l(btod.o)
    0x08000da4   0x08000da4   0x00000060   Code   RO         2186    CL$$btod_d2e_norm_op1  c_w.l(btod.o)
    0x08000e04   0x08000e04   0x00000338   Code   RO         2195    CL$$btod_div_common  c_w.l(btod.o)
    0x0800113c   0x0800113c   0x000000dc   Code   RO         2192    CL$$btod_e2e        c_w.l(btod.o)
    0x08001218   0x08001218   0x0000002a   Code   RO         2189    CL$$btod_ediv       c_w.l(btod.o)
    0x08001242   0x08001242   0x0000002a   Code   RO         2188    CL$$btod_emul       c_w.l(btod.o)
    0x0800126c   0x0800126c   0x00000244   Code   RO         2194    CL$$btod_mult_common  c_w.l(btod.o)
    0x080014b0   0x080014b0   0x0000000e   Code   RO         1127    i.$Sub$$main        components.o
    0x080014be   0x080014be   0x00000002   PAD
    0x080014c0   0x080014c0   0x00000144   Code   RO          199    i.Adc_Init          adc.o
    0x08001604   0x08001604   0x00000012   Code   RO          294    i.CharToLong        jy901.o
    0x08001616   0x08001616   0x00000002   PAD
    0x08001618   0x08001618   0x00000290   Code   RO          295    i.CopeSerialData    jy901.o
    0x080018a8   0x080018a8   0x00000116   Code   RO          469    i.GPIO_Init         stm32f10x_gpio.o
    0x080019be   0x080019be   0x00000002   PAD
    0x080019c0   0x080019c0   0x00000044   Code   RO          200    i.Get_Adc           adc.o
    0x08001a04   0x08001a04   0x00000070   Code   RO          415    i.NVIC_Init         misc.o
    0x08001a74   0x08001a74   0x00000020   Code   RO          593    i.RCC_APB2PeriphClockCmd  stm32f10x_rcc.o
    0x08001a94   0x08001a94   0x000000d4   Code   RO          601    i.RCC_GetClocksFreq  stm32f10x_rcc.o
    0x08001b68   0x08001b68   0x00000008   Code   RO         1000    i.SetSysClock       system_stm32f10x.o
    0x08001b70   0x08001b70   0x000000e0   Code   RO         1001    i.SetSysClockTo72   system_stm32f10x.o
    0x08001c50   0x08001c50   0x00000010   Code   RO         2008    i.SysTick_Handler   board.o
    0x08001c60   0x08001c60   0x000000a4   Code   RO         1002    i.SystemCoreClockUpdate  system_stm32f10x.o
    0x08001d04   0x08001d04   0x00000060   Code   RO         1003    i.SystemInit        system_stm32f10x.o
    0x08001d64   0x08001d64   0x00000020   Code   RO          243    i.USART2_IRQHandler  usart2.o
    0x08001d84   0x08001d84   0x00000018   Code   RO          805    i.USART_Cmd         stm32f10x_usart.o
    0x08001d9c   0x08001d9c   0x0000001a   Code   RO          808    i.USART_GetFlagStatus  stm32f10x_usart.o
    0x08001db6   0x08001db6   0x00000002   PAD
    0x08001db8   0x08001db8   0x000000d8   Code   RO          812    i.USART_Init        stm32f10x_usart.o
    0x08001e90   0x08001e90   0x00000008   Code   RO          822    i.USART_SendData    stm32f10x_usart.o
    0x08001e98   0x08001e98   0x00000030   Code   RO         2009    i._SysTick_Config   board.o
    0x08001ec8   0x08001ec8   0x00000028   Code   RO         2216    i.__ARM_fpclassify  m_ws.l(fpclassify.o)
    0x08001ef0   0x08001ef0   0x0000004c   Code   RO         1408    i.__rt_ffs          kservice.o
    0x08001f3c   0x08001f3c   0x00000014   Code   RO         1201    i._has_defunct_thread  idle.o
    0x08001f50   0x08001f50   0x0000000e   Code   RO         2090    i._is_digit         c_w.l(__printf_wp.o)
    0x08001f5e   0x08001f5e   0x00000002   PAD
    0x08001f60   0x08001f60   0x00000084   Code   RO         1777    i._rt_thread_init   thread.o
    0x08001fe4   0x08001fe4   0x00000042   Code   RO         1898    i._rt_timer_init    timer.o
    0x08002026   0x08002026   0x0000002e   Code   RO         1899    i._rt_timer_remove  timer.o
    0x08002054   0x08002054   0x00000008   Code   RO          355    i._sys_exit         usart3.o
    0x0800205c   0x0800205c   0x0000001c   Code   RO          356    i.fputc             usart3.o
    0x08002078   0x08002078   0x00000348   Code   RO          147    i.get_adc           thread_mw.o
    0x080023c0   0x080023c0   0x000000c4   Code   RO          148    i.get_tick_time     thread_mw.o
    0x08002484   0x08002484   0x000000d4   Code   RO            4    i.main              main.o
    0x08002558   0x08002558   0x0000000e   Code   RO         1128    i.main_thread_entry  components.o
    0x08002566   0x08002566   0x00000002   PAD
    0x08002568   0x08002568   0x00000078   Code   RO         1585    i.plug_holes        mem.o
    0x080025e0   0x080025e0   0x0000018c   Code   RO         1410    i.print_number      kservice.o
    0x0800276c   0x0800276c   0x0000002c   Code   RO         1129    i.rt_application_init  components.o
    0x08002798   0x08002798   0x0000001c   Code   RO         1130    i.rt_components_board_init  components.o
    0x080027b4   0x080027b4   0x0000001c   Code   RO         1131    i.rt_components_init  components.o
    0x080027d0   0x080027d0   0x00000020   Code   RO         1711    i.rt_enter_critical  scheduler.o
    0x080027f0   0x080027f0   0x0000003c   Code   RO         1712    i.rt_exit_critical  scheduler.o
    0x0800282c   0x0800282c   0x000000e0   Code   RO         1587    i.rt_free           mem.o
    0x0800290c   0x0800290c   0x00000008   Code   RO         2010    i.rt_heap_begin_get  board.o
    0x08002914   0x08002914   0x00000008   Code   RO         2011    i.rt_heap_end_get   board.o
    0x0800291c   0x0800291c   0x0000003c   Code   RO         2012    i.rt_hw_board_init  board.o
    0x08002958   0x08002958   0x00000034   Code   RO         2013    i.rt_hw_console_output  board.o
    0x0800298c   0x0800298c   0x00000200   Code   RO         1050    i.rt_hw_hard_fault_exception  cpuport.o
    0x08002b8c   0x08002b8c   0x0000004c   Code   RO         1051    i.rt_hw_stack_init  cpuport.o
    0x08002bd8   0x08002bd8   0x00000020   Code   RO         1381    i.rt_interrupt_enter  irq.o
    0x08002bf8   0x08002bf8   0x00000020   Code   RO         1383    i.rt_interrupt_leave  irq.o
    0x08002c18   0x08002c18   0x00000014   Code   RO         1241    i.rt_ipc_list_resume  ipc.o
    0x08002c2c   0x08002c2c   0x0000006c   Code   RO         1243    i.rt_ipc_list_suspend  ipc.o
    0x08002c98   0x08002c98   0x00000010   Code   RO         1244    i.rt_ipc_object_init  ipc.o
    0x08002ca8   0x08002ca8   0x00000030   Code   RO         1414    i.rt_kprintf        kservice.o
    0x08002cd8   0x08002cd8   0x00000006   Code   RO         1245    i.rt_list_init      ipc.o
    0x08002cde   0x08002cde   0x00000006   Code   RO         1713    i.rt_list_init      scheduler.o
    0x08002ce4   0x08002ce4   0x00000006   Code   RO         1900    i.rt_list_init      timer.o
    0x08002cea   0x08002cea   0x0000000e   Code   RO         1635    i.rt_list_insert_after  object.o
    0x08002cf8   0x08002cf8   0x0000000e   Code   RO         1778    i.rt_list_insert_after  thread.o
    0x08002d06   0x08002d06   0x0000000e   Code   RO         1901    i.rt_list_insert_after  timer.o
    0x08002d14   0x08002d14   0x0000000e   Code   RO         1246    i.rt_list_insert_before  ipc.o
    0x08002d22   0x08002d22   0x00000010   Code   RO         1247    i.rt_list_isempty   ipc.o
    0x08002d32   0x08002d32   0x00000010   Code   RO         1902    i.rt_list_isempty   timer.o
    0x08002d42   0x08002d42   0x00000012   Code   RO         1636    i.rt_list_remove    object.o
    0x08002d54   0x08002d54   0x00000012   Code   RO         1779    i.rt_list_remove    thread.o
    0x08002d66   0x08002d66   0x00000002   PAD
    0x08002d68   0x08002d68   0x0000016c   Code   RO         1588    i.rt_malloc         mem.o
    0x08002ed4   0x08002ed4   0x00000048   Code   RO         1420    i.rt_memset         kservice.o
    0x08002f1c   0x08002f1c   0x00000054   Code   RO         1637    i.rt_object_allocate  object.o
    0x08002f70   0x08002f70   0x00000024   Code   RO         1638    i.rt_object_delete  object.o
    0x08002f94   0x08002f94   0x0000001e   Code   RO         1639    i.rt_object_detach  object.o
    0x08002fb2   0x08002fb2   0x00000002   PAD
    0x08002fb4   0x08002fb4   0x00000028   Code   RO         1641    i.rt_object_get_information  object.o
    0x08002fdc   0x08002fdc   0x0000003c   Code   RO         1643    i.rt_object_init    object.o
    0x08003018   0x08003018   0x00000012   Code   RO         1644    i.rt_object_is_systemobject  object.o
    0x0800302a   0x0800302a   0x00000002   PAD
    0x0800302c   0x0800302c   0x00000090   Code   RO         1714    i.rt_schedule       scheduler.o
    0x080030bc   0x080030bc   0x00000050   Code   RO         1715    i.rt_schedule_insert_thread  scheduler.o
    0x0800310c   0x0800310c   0x00000054   Code   RO         1716    i.rt_schedule_remove_thread  scheduler.o
    0x08003160   0x08003160   0x00000026   Code   RO         1260    i.rt_sem_init       ipc.o
    0x08003186   0x08003186   0x0000003a   Code   RO         1261    i.rt_sem_release    ipc.o
    0x080031c0   0x080031c0   0x00000074   Code   RO         1262    i.rt_sem_take       ipc.o
    0x08003234   0x08003234   0x000000b0   Code   RO         1422    i.rt_show_version   kservice.o
    0x080032e4   0x080032e4   0x00000012   Code   RO         1428    i.rt_strlen         kservice.o
    0x080032f6   0x080032f6   0x00000034   Code   RO         1430    i.rt_strncpy        kservice.o
    0x0800332a   0x0800332a   0x00000002   PAD
    0x0800332c   0x0800332c   0x000000f8   Code   RO         1591    i.rt_system_heap_init  mem.o
    0x08003424   0x08003424   0x0000004c   Code   RO         1717    i.rt_system_scheduler_init  scheduler.o
    0x08003470   0x08003470   0x00000030   Code   RO         1718    i.rt_system_scheduler_start  scheduler.o
    0x080034a0   0x080034a0   0x0000001c   Code   RO         1903    i.rt_system_timer_init  timer.o
    0x080034bc   0x080034bc   0x00000002   Code   RO         1904    i.rt_system_timer_thread_init  timer.o
    0x080034be   0x080034be   0x00000050   Code   RO         1781    i.rt_thread_create  thread.o
    0x0800350e   0x0800350e   0x0000000c   Code   RO         1782    i.rt_thread_delay   thread.o
    0x0800351a   0x0800351a   0x00000002   PAD
    0x0800351c   0x0800351c   0x00000054   Code   RO         1785    i.rt_thread_exit    thread.o
    0x08003570   0x08003570   0x00000008   Code   RO         1202    i.rt_thread_idle_entry  idle.o
    0x08003578   0x08003578   0x00000084   Code   RO         1203    i.rt_thread_idle_excute  idle.o
    0x080035fc   0x080035fc   0x0000003c   Code   RO         1205    i.rt_thread_idle_init  idle.o
    0x08003638   0x08003638   0x00000034   Code   RO         1787    i.rt_thread_init    thread.o
    0x0800366c   0x0800366c   0x0000003c   Code   RO         1789    i.rt_thread_resume  thread.o
    0x080036a8   0x080036a8   0x0000000c   Code   RO         1790    i.rt_thread_self    thread.o
    0x080036b4   0x080036b4   0x00000044   Code   RO         1791    i.rt_thread_sleep   thread.o
    0x080036f8   0x080036f8   0x0000002c   Code   RO         1792    i.rt_thread_startup  thread.o
    0x08003724   0x08003724   0x00000044   Code   RO         1793    i.rt_thread_suspend  thread.o
    0x08003768   0x08003768   0x00000020   Code   RO         1794    i.rt_thread_timeout  thread.o
    0x08003788   0x08003788   0x00000064   Code   RO         1795    i.rt_thread_yield   thread.o
    0x080037ec   0x080037ec   0x0000000c   Code   RO         1088    i.rt_tick_get       clock.o
    0x080037f8   0x080037f8   0x00000030   Code   RO         1089    i.rt_tick_increase  clock.o
    0x08003828   0x08003828   0x0000007c   Code   RO         1905    i.rt_timer_check    timer.o
    0x080038a4   0x080038a4   0x00000038   Code   RO         1906    i.rt_timer_control  timer.o
    0x080038dc   0x080038dc   0x00000020   Code   RO         1909    i.rt_timer_detach   timer.o
    0x080038fc   0x080038fc   0x0000002e   Code   RO         1910    i.rt_timer_init     timer.o
    0x0800392a   0x0800392a   0x00000002   PAD
    0x0800392c   0x0800392c   0x000000f8   Code   RO         1913    i.rt_timer_start    timer.o
    0x08003a24   0x08003a24   0x00000030   Code   RO         1914    i.rt_timer_stop     timer.o
    0x08003a54   0x08003a54   0x00000328   Code   RO         1433    i.rt_vsnprintf      kservice.o
    0x08003d7c   0x08003d7c   0x00000004   Code   RO         1132    i.rti_board_end     components.o
    0x08003d80   0x08003d80   0x00000004   Code   RO         1133    i.rti_board_start   components.o
    0x08003d84   0x08003d84   0x00000004   Code   RO         1134    i.rti_end           components.o
    0x08003d88   0x08003d88   0x00000004   Code   RO         1135    i.rti_start         components.o
    0x08003d8c   0x08003d8c   0x0000002a   Code   RO         1136    i.rtthread_startup  components.o
    0x08003db6   0x08003db6   0x00000026   Code   RO         1435    i.skip_atoi         kservice.o
    0x08003ddc   0x08003ddc   0x00000088   Code   RO          150    i.time_thread       thread_mw.o
    0x08003e64   0x08003e64   0x00000094   Code   RO         2014    i.uart_init         board.o
    0x08003ef8   0x08003ef8   0x00000188   Code   RO          357    i.usart3_init       usart3.o
    0x08004080   0x08004080   0x0000002c   Code   RO         2212    locale$$code        c_w.l(lc_numeric_c.o)
    0x080040ac   0x080040ac   0x0000000c   Code   RO         2147    x$fpl$dretinf       fz_ws.l(dretinf.o)
    0x080040b8   0x080040b8   0x00000056   Code   RO         2107    x$fpl$f2d           fz_ws.l(f2d.o)
    0x0800410e   0x0800410e   0x00000002   PAD
    0x08004110   0x08004110   0x000000c4   Code   RO         2109    x$fpl$fadd          fz_ws.l(faddsub_clz.o)
    0x080041d4   0x080041d4   0x00000018   Code   RO         2149    x$fpl$fcmpinf       fz_ws.l(fcmpi.o)
    0x080041ec   0x080041ec   0x00000184   Code   RO         2116    x$fpl$fdiv          fz_ws.l(fdiv.o)
    0x08004370   0x08004370   0x0000003e   Code   RO         2119    x$fpl$ffixu         fz_ws.l(ffixu.o)
    0x080043ae   0x080043ae   0x00000002   PAD
    0x080043b0   0x080043b0   0x00000026   Code   RO         2123    x$fpl$ffltu         fz_ws.l(fflt_clz.o)
    0x080043d6   0x080043d6   0x00000002   PAD
    0x080043d8   0x080043d8   0x00000068   Code   RO         2129    x$fpl$fleqf         fz_ws.l(fleqf.o)
    0x08004440   0x08004440   0x00000102   Code   RO         2131    x$fpl$fmul          fz_ws.l(fmul.o)
    0x08004542   0x08004542   0x0000008c   Code   RO         2151    x$fpl$fnaninf       fz_ws.l(fnaninf.o)
    0x080045ce   0x080045ce   0x0000000a   Code   RO         2153    x$fpl$fretinf       fz_ws.l(fretinf.o)
    0x080045d8   0x080045d8   0x00000062   Code   RO         2133    x$fpl$frleqf        fz_ws.l(frleqf.o)
    0x0800463a   0x0800463a   0x00000014   Code   RO         2110    x$fpl$frsb          fz_ws.l(faddsub_clz.o)
    0x0800464e   0x0800464e   0x00000002   PAD
    0x08004650   0x08004650   0x000000ea   Code   RO         2111    x$fpl$fsub          fz_ws.l(faddsub_clz.o)
    0x0800473a   0x0800473a   0x00000004   Code   RO         2135    x$fpl$printf1       fz_ws.l(printf1.o)
    0x0800473e   0x0800473e   0x00000000   Code   RO         2155    x$fpl$usenofp       fz_ws.l(usenofp.o)
    0x0800473e   0x0800473e   0x00000122   Data   RO         1437    .constdata          kservice.o
    0x08004860   0x08004860   0x00000094   Data   RO         2183    .constdata          c_w.l(bigflt0.o)
    0x080048f4   0x080048f4   0x00000004   Data   RO         1137    .rti_fn.0           components.o
    0x080048f8   0x080048f8   0x00000004   Data   RO         1138    .rti_fn.0.end       components.o
    0x080048fc   0x080048fc   0x00000004   Data   RO         1139    .rti_fn.1.end       components.o
    0x08004900   0x08004900   0x00000004   Data   RO         1140    .rti_fn.6.end       components.o
    0x08004904   0x08004904   0x00000020   Data   RO         2355    Region$$Table       anon$$obj.o
    0x08004924   0x08004924   0x0000001c   Data   RO         2211    locale$$data        c_w.l(lc_numeric_c.o)


    Execution Region RW_IRAM1 (Exec base: 0x20000000, Load base: 0x08004940, Size: 0x00001a28, Max: 0x00005000, ABSOLUTE, COMPRESSED[0x00000040])

    Exec Addr    Load Addr    Size         Type   Attr      Idx    E Section Name        Object

    0x20000000   COMPRESSED   0x0000000c   Data   RW            5    .data               main.o
    0x2000000c   COMPRESSED   0x00000038   Data   RW          151    .data               thread_mw.o
    0x20000044   COMPRESSED   0x00000049   Data   RW          299    .data               jy901.o
    0x2000008d   COMPRESSED   0x00000003   PAD
    0x20000090   COMPRESSED   0x00000004   Data   RW          358    .data               usart3.o
    0x20000094   COMPRESSED   0x00000014   Data   RW          621    .data               stm32f10x_rcc.o
    0x200000a8   COMPRESSED   0x00000014   Data   RW         1004    .data               system_stm32f10x.o
    0x200000bc   COMPRESSED   0x00000010   Data   RW         1052    .data               cpuport.o
    0x200000cc   COMPRESSED   0x00000004   Data   RW         1091    .data               clock.o
    0x200000d0   COMPRESSED   0x00000001   Data   RW         1384    .data               irq.o
    0x200000d1   COMPRESSED   0x00000003   PAD
    0x200000d4   COMPRESSED   0x00000018   Data   RW         1593    .data               mem.o
    0x200000ec   COMPRESSED   0x00000040   Data   RW         1646    .data               object.o
    0x2000012c   COMPRESSED   0x00000018   Data   RW         1720    .data               scheduler.o
    0x20000144   COMPRESSED   0x0000000c   Data   RW         1915    .data               timer.o
    0x20000150        -       0x00000010   Zero   RW          202    .bss                adc.o
    0x20000160        -       0x0000000c   Zero   RW          298    .bss                jy901.o
    0x2000016c        -       0x00000178   Zero   RW         1206    .bss                idle.o
    0x200002e4        -       0x00000080   Zero   RW         1436    .bss                kservice.o
    0x20000364        -       0x00000020   Zero   RW         1592    .bss                mem.o
    0x20000384        -       0x00000040   Zero   RW         1719    .bss                scheduler.o
    0x200003c4        -       0x00001000   Zero   RW         2015    .bss                board.o
    0x200013c4        -       0x00000060   Zero   RW         2219    .bss                c_w.l(libspace.o)
    0x20001424   COMPRESSED   0x00000004   PAD
    0x20001428        -       0x00000200   Zero   RW          991    HEAP                startup_stm32f10x_md.o
    0x20001628        -       0x00000400   Zero   RW          990    STACK               startup_stm32f10x_md.o


==============================================================================

Image component sizes


      Code (inc. data)   RO Data    RW Data    ZI Data      Debug   Object Name

       392         32          0          0         16       1668   adc.o
       340         30          0          0       4096       4474   board.o
        60         12          0          4          0       1129   clock.o
       186         28         16          0          0       5688   components.o
       244         26          0          0          0        824   context_rvds.o
       588        328          0         16          0       3266   cpuport.o
       220         30          0          0        376       5494   idle.o
       392          0          0          0          0       8133   ipc.o
        64         12          0          1          0       1542   irq.o
       674         62          0         73         12       3381   jy901.o
      1684        164        290          0        128       8616   kservice.o
       212        114          0         12          0     237968   main.o
       956        224          0         24         32       3824   mem.o
       112         12          0          0          0       1140   misc.o
       300          4          0         64          0       8032   object.o
       530         88          0         24         64       8358   scheduler.o
        64         26        236          0       1536        800   startup_stm32f10x_md.o
       278          0          0          0          0       2080   stm32f10x_gpio.o
       244         26          0         20          0       4001   stm32f10x_rcc.o
       274          6          0          0          0       4232   stm32f10x_usart.o
       492         50          0         20          0       2797   system_stm32f10x.o
       776         36          0          0          0      11659   thread.o
      1172        246          0         56          0       2755   thread_mw.o
       732         20          0         12          0      10944   timer.o
        32          4          0          0          0        464   usart2.o
       428         30          0          4          0      28911   usart3.o

    ----------------------------------------------------------------------
     11468       1610        574        336       6260     372180   Object Totals
         0          0         32          0          0          0   (incl. Generated)
        22          0          0          6          0          0   (incl. Padding)

    ----------------------------------------------------------------------

      Code (inc. data)   RO Data    RW Data    ZI Data      Debug   Library Member Name

        90          0          0          0          0          0   __dczerorl2.o
         8          0          0          0          0         68   __main.o
       284          0          0          0          0        156   __printf_wp.o
         0          0          0          0          0          0   __rtentry.o
        12          0          0          0          0          0   __rtentry2.o
         6          0          0          0          0          0   __rtentry4.o
        52          8          0          0          0          0   __scatter.o
        28          0          0          0          0          0   __scatter_zi.o
        48          6          0          0          0         96   _printf_char_common.o
        36          4          0          0          0         80   _printf_char_file.o
         6          0          0          0          0          0   _printf_d.o
       120         16          0          0          0         92   _printf_dec.o
         6          0          0          0          0          0   _printf_f.o
      1054          0          0          0          0        216   _printf_fp_dec.o
       128         16          0          0          0         84   _printf_fp_infnan.o
       178          0          0          0          0         88   _printf_intcommon.o
        78          0          0          0          0        108   _printf_pad.o
         0          0          0          0          0          0   _printf_percent.o
         4          0          0          0          0          0   _printf_percent_end.o
       228          4        148          0          0         96   bigflt0.o
      1936        128          0          0          0        672   btod.o
        18          0          0          0          0         80   exit.o
         8          0          0          0          0         68   ferror.o
         6          0          0          0          0        152   heapauxi.o
        44         10         28          0          0         76   lc_numeric_c.o
         2          0          0          0          0          0   libinit.o
        18          0          0          0          0          0   libinit2.o
         2          0          0          0          0          0   libshutdown.o
         2          0          0          0          0          0   libshutdown2.o
         8          4          0          0         96         68   libspace.o
       138          0          0          0          0         80   lludiv10.o
        24          4          0          0          0         84   noretval__2printf.o
         8          4          0          0          0         68   rt_locale_intlibspace.o
         2          0          0          0          0          0   rtexit.o
        10          0          0          0          0          0   rtexit2.o
       128          0          0          0          0         68   strcmpv7m.o
        74          0          0          0          0         80   sys_stackheap_outer.o
         2          0          0          0          0         68   use_no_semi.o
         2          0          0          0          0         68   use_no_semi_2.o
        12          0          0          0          0         68   dretinf.o
        86          4          0          0          0         84   f2d.o
       450          8          0          0          0        236   faddsub_clz.o
        24          0          0          0          0         68   fcmpi.o
       388         76          0          0          0         96   fdiv.o
        62          4          0          0          0         84   ffixu.o
        38          0          0          0          0         68   fflt_clz.o
       104          4          0          0          0         84   fleqf.o
       258          4          0          0          0         84   fmul.o
       140          4          0          0          0         84   fnaninf.o
        10          0          0          0          0         68   fretinf.o
        98          0          0          0          0         68   frleqf.o
         4          0          0          0          0         68   printf1.o
         0          0          0          0          0          0   usenofp.o
        40          0          0          0          0         68   fpclassify.o

    ----------------------------------------------------------------------
      6534        308        176          0        100       3944   Library Totals
        22          0          0          0          4          0   (incl. Padding)

    ----------------------------------------------------------------------

      Code (inc. data)   RO Data    RW Data    ZI Data      Debug   Library Name

      4798        204        176          0         96       2716   c_w.l
      1674        104          0          0          0       1160   fz_ws.l
        40          0          0          0          0         68   m_ws.l

    ----------------------------------------------------------------------
      6534        308        176          0        100       3944   Library Totals

    ----------------------------------------------------------------------

==============================================================================


      Code (inc. data)   RO Data    RW Data    ZI Data      Debug   

     18002       1918        750        336       6360     368008   Grand Totals
     18002       1918        750         64       6360     368008   ELF Image Totals (compressed)
     18002       1918        750         64          0          0   ROM Totals

==============================================================================

    Total RO  Size (Code + RO Data)                18752 (  18.31kB)
    Total RW  Size (RW Data + ZI Data)              6696 (   6.54kB)
    Total ROM Size (Code + RO Data + RW Data)      18816 (  18.38kB)

==============================================================================

